WARNING: We recommend using a newer Android Gradle plugin to use compileSdk = 35

This Android Gradle plugin (8.5.2) was tested up to compileSdk = 34.

You are strongly encouraged to update your project to use a newer
Android Gradle plugin that has been tested with compileSdk = 35.

If you are already using the latest version of the Android Gradle plugin,
you may need to wait until a newer version with support for compileSdk = 35 is available.

For more information refer to the compatibility table:
https://d.android.com/r/tools/api-level-support

To suppress this warning, add/update
    android.suppressUnsupportedCompileSdk=35
to this project's gradle.properties.
> Task :core:network:preBuild UP-TO-DATE
> Task :core:common:preBuild UP-TO-DATE
> Task :core:designsystem:preBuild UP-TO-DATE
> Task :data:auth:preBuild UP-TO-DATE
> Task :core:datastore:preBuild UP-TO-DATE
> Task :core:database:preBuild UP-TO-DATE
> Task :core:network:preReleaseBuild UP-TO-DATE
> Task :data:agent:preBuild UP-TO-DATE
> Task :core:model:preBuild UP-TO-DATE
> Task :core:database:preReleaseBuild UP-TO-DATE
> Task :backdrop:preBuild UP-TO-DATE
> Task :core:designsystem:preReleaseBuild UP-TO-DATE
> Task :core:common:preReleaseBuild UP-TO-DATE
> Task :core:datastore:preReleaseBuild UP-TO-DATE
> Task :data:agent:preReleaseBuild UP-TO-DATE
> Task :backdrop:preReleaseBuild UP-TO-DATE
> Task :core:model:preReleaseBuild UP-TO-DATE
> Task :data:auth:preReleaseBuild UP-TO-DATE
> Task :core:network:writeReleaseAarMetadata UP-TO-DATE
> Task :core:designsystem:writeReleaseAarMetadata UP-TO-DATE
> Task :core:common:writeReleaseAarMetadata UP-TO-DATE
> Task :core:datastore:writeReleaseAarMetadata UP-TO-DATE
> Task :data:customer:preBuild UP-TO-DATE
> Task :core:database:writeReleaseAarMetadata UP-TO-DATE
> Task :data:customer:preReleaseBuild UP-TO-DATE
> Task :data:finance:preBuild UP-TO-DATE
> Task :data:product:preBuild UP-TO-DATE
> Task :data:order:preBuild UP-TO-DATE
> Task :data:order:preReleaseBuild UP-TO-DATE
> Task :data:finance:preReleaseBuild UP-TO-DATE
> Task :data:product:preReleaseBuild UP-TO-DATE
> Task :data:report:preBuild UP-TO-DATE
> Task :data:agent:writeReleaseAarMetadata UP-TO-DATE
> Task :data:report:preReleaseBuild UP-TO-DATE
> Task :core:model:writeReleaseAarMetadata UP-TO-DATE
> Task :backdrop:writeReleaseAarMetadata UP-TO-DATE
> Task :data:auth:writeReleaseAarMetadata UP-TO-DATE
> Task :data:sync:preBuild UP-TO-DATE
> Task :data:supplier:preBuild UP-TO-DATE
> Task :data:order:writeReleaseAarMetadata UP-TO-DATE
> Task :data:sync:preReleaseBuild UP-TO-DATE
> Task :data:customer:writeReleaseAarMetadata UP-TO-DATE
> Task :feature:agent:preBuild UP-TO-DATE
> Task :data:finance:writeReleaseAarMetadata UP-TO-DATE
> Task :data:product:writeReleaseAarMetadata UP-TO-DATE
> Task :feature:agent:preReleaseBuild UP-TO-DATE
> Task :feature:customers:preBuild UP-TO-DATE
> Task :feature:dashboard:preBuild UP-TO-DATE
> Task :data:supplier:preReleaseBuild UP-TO-DATE
> Task :feature:finance:preBuild UP-TO-DATE
> Task :feature:auth:preBuild UP-TO-DATE
> Task :feature:finance:preReleaseBuild UP-TO-DATE
> Task :data:report:writeReleaseAarMetadata UP-TO-DATE
> Task :feature:payments:preBuild UP-TO-DATE
> Task :data:sync:writeReleaseAarMetadata UP-TO-DATE
> Task :feature:agent:writeReleaseAarMetadata UP-TO-DATE
> Task :feature:dashboard:preReleaseBuild UP-TO-DATE
> Task :feature:customers:preReleaseBuild UP-TO-DATE
> Task :feature:auth:preReleaseBuild UP-TO-DATE
> Task :feature:products:preBuild UP-TO-DATE
> Task :feature:products:preReleaseBuild UP-TO-DATE
> Task :data:supplier:writeReleaseAarMetadata UP-TO-DATE
> Task :feature:payments:preReleaseBuild UP-TO-DATE
> Task :feature:purchases:preBuild UP-TO-DATE
> Task :feature:dashboard:writeReleaseAarMetadata UP-TO-DATE
> Task :feature:sales:preBuild UP-TO-DATE
> Task :feature:reports:preBuild UP-TO-DATE
> Task :feature:finance:writeReleaseAarMetadata UP-TO-DATE
> Task :feature:products:writeReleaseAarMetadata UP-TO-DATE
> Task :feature:settings:preBuild UP-TO-DATE
> Task :feature:customers:writeReleaseAarMetadata UP-TO-DATE
> Task :feature:suppliers:preBuild UP-TO-DATE
> Task :feature:reports:preReleaseBuild UP-TO-DATE
> Task :feature:purchases:preReleaseBuild UP-TO-DATE
> Task :feature:sales:preReleaseBuild UP-TO-DATE
> Task :feature:settings:preReleaseBuild UP-TO-DATE
> Task :feature:auth:writeReleaseAarMetadata UP-TO-DATE
> Task :feature:suppliers:preReleaseBuild UP-TO-DATE
> Task :feature:payments:writeReleaseAarMetadata UP-TO-DATE
> Task :feature:reports:writeReleaseAarMetadata UP-TO-DATE
> Task :feature:purchases:writeReleaseAarMetadata UP-TO-DATE
> Task :backdrop:generateReleaseResValues UP-TO-DATE
> Task :feature:sales:writeReleaseAarMetadata UP-TO-DATE
> Task :feature:suppliers:writeReleaseAarMetadata UP-TO-DATE
> Task :core:common:generateReleaseResValues UP-TO-DATE
> Task :feature:settings:writeReleaseAarMetadata UP-TO-DATE
> Task :core:database:generateReleaseResValues UP-TO-DATE
> Task :core:designsystem:generateReleaseResValues UP-TO-DATE
> Task :core:datastore:generateReleaseResValues UP-TO-DATE
> Task :core:model:generateReleaseResValues UP-TO-DATE
> Task :data:agent:generateReleaseResValues UP-TO-DATE
> Task :core:network:generateReleaseResValues UP-TO-DATE
> Task :data:auth:generateReleaseResValues UP-TO-DATE
> Task :backdrop:generateReleaseResources UP-TO-DATE
> Task :core:database:generateReleaseResources UP-TO-DATE
> Task :core:datastore:generateReleaseResources UP-TO-DATE
> Task :core:network:generateReleaseResources UP-TO-DATE
> Task :data:agent:generateReleaseResources UP-TO-DATE
> Task :core:model:generateReleaseResources UP-TO-DATE
> Task :data:auth:generateReleaseResources UP-TO-DATE
> Task :core:common:generateReleaseResources UP-TO-DATE
> Task :core:designsystem:generateReleaseResources UP-TO-DATE
> Task :backdrop:packageReleaseResources UP-TO-DATE
> Task :data:agent:packageReleaseResources UP-TO-DATE
> Task :core:database:packageReleaseResources UP-TO-DATE
> Task :data:auth:packageReleaseResources UP-TO-DATE
> Task :core:datastore:packageReleaseResources UP-TO-DATE
> Task :data:finance:generateReleaseResValues UP-TO-DATE
> Task :core:designsystem:packageReleaseResources UP-TO-DATE
> Task :data:customer:generateReleaseResValues UP-TO-DATE
> Task :core:common:packageReleaseResources UP-TO-DATE
> Task :data:order:generateReleaseResValues UP-TO-DATE
> Task :data:report:generateReleaseResValues UP-TO-DATE
> Task :data:product:generateReleaseResValues UP-TO-DATE
> Task :core:model:packageReleaseResources UP-TO-DATE
> Task :data:sync:generateReleaseResValues UP-TO-DATE
> Task :data:supplier:generateReleaseResValues UP-TO-DATE
> Task :data:finance:generateReleaseResources UP-TO-DATE
> Task :feature:agent:generateReleaseResValues UP-TO-DATE
> Task :data:customer:generateReleaseResources UP-TO-DATE
> Task :core:network:packageReleaseResources UP-TO-DATE
> Task :data:product:generateReleaseResources UP-TO-DATE
> Task :data:report:generateReleaseResources UP-TO-DATE
> Task :feature:auth:generateReleaseResValues UP-TO-DATE
> Task :data:order:generateReleaseResources UP-TO-DATE
> Task :data:sync:generateReleaseResources UP-TO-DATE
> Task :data:supplier:generateReleaseResources UP-TO-DATE
> Task :feature:agent:generateReleaseResources UP-TO-DATE
> Task :feature:auth:generateReleaseResources UP-TO-DATE
> Task :data:customer:packageReleaseResources UP-TO-DATE
> Task :feature:customers:generateReleaseResValues UP-TO-DATE
> Task :data:report:packageReleaseResources UP-TO-DATE
> Task :data:product:packageReleaseResources UP-TO-DATE
> Task :data:sync:packageReleaseResources UP-TO-DATE
> Task :feature:customers:generateReleaseResources UP-TO-DATE
> Task :feature:dashboard:generateReleaseResValues UP-TO-DATE
> Task :feature:finance:generateReleaseResValues UP-TO-DATE
> Task :feature:payments:generateReleaseResValues UP-TO-DATE
> Task :data:order:packageReleaseResources UP-TO-DATE
> Task :data:finance:packageReleaseResources UP-TO-DATE
> Task :feature:agent:packageReleaseResources UP-TO-DATE
> Task :data:supplier:packageReleaseResources UP-TO-DATE
> Task :feature:auth:packageReleaseResources UP-TO-DATE
> Task :feature:dashboard:generateReleaseResources UP-TO-DATE
> Task :feature:purchases:generateReleaseResValues UP-TO-DATE
> Task :feature:payments:generateReleaseResources UP-TO-DATE
> Task :feature:finance:generateReleaseResources UP-TO-DATE
> Task :feature:reports:generateReleaseResValues UP-TO-DATE
> Task :feature:products:generateReleaseResValues UP-TO-DATE
> Task :feature:settings:generateReleaseResValues UP-TO-DATE
> Task :feature:sales:generateReleaseResValues UP-TO-DATE
> Task :feature:reports:generateReleaseResources UP-TO-DATE
> Task :feature:purchases:generateReleaseResources UP-TO-DATE
> Task :feature:products:generateReleaseResources UP-TO-DATE
> Task :feature:customers:packageReleaseResources UP-TO-DATE
> Task :feature:sales:generateReleaseResources UP-TO-DATE
> Task :feature:settings:generateReleaseResources UP-TO-DATE
> Task :feature:suppliers:generateReleaseResValues UP-TO-DATE
> Task :feature:finance:packageReleaseResources UP-TO-DATE
> Task :feature:suppliers:generateReleaseResources UP-TO-DATE
> Task :feature:payments:packageReleaseResources UP-TO-DATE
> Task :backdrop:extractDeepLinksRelease UP-TO-DATE
> Task :feature:purchases:packageReleaseResources UP-TO-DATE
> Task :core:common:extractDeepLinksRelease UP-TO-DATE
> Task :feature:reports:packageReleaseResources UP-TO-DATE
> Task :feature:dashboard:packageReleaseResources UP-TO-DATE
> Task :core:database:extractDeepLinksRelease UP-TO-DATE
> Task :core:datastore:extractDeepLinksRelease UP-TO-DATE
> Task :feature:products:packageReleaseResources UP-TO-DATE
> Task :core:designsystem:extractDeepLinksRelease UP-TO-DATE
> Task :feature:settings:packageReleaseResources UP-TO-DATE
> Task :feature:sales:packageReleaseResources UP-TO-DATE
> Task :core:model:extractDeepLinksRelease UP-TO-DATE
> Task :backdrop:processReleaseManifest UP-TO-DATE
> Task :data:agent:extractDeepLinksRelease UP-TO-DATE
> Task :core:common:processReleaseManifest UP-TO-DATE
> Task :feature:suppliers:packageReleaseResources UP-TO-DATE
> Task :data:auth:extractDeepLinksRelease UP-TO-DATE
> Task :core:network:extractDeepLinksRelease UP-TO-DATE
> Task :data:finance:extractDeepLinksRelease UP-TO-DATE
> Task :data:customer:extractDeepLinksRelease UP-TO-DATE
> Task :core:database:processReleaseManifest UP-TO-DATE
> Task :core:designsystem:processReleaseManifest UP-TO-DATE
> Task :core:datastore:processReleaseManifest UP-TO-DATE
> Task :data:order:extractDeepLinksRelease UP-TO-DATE
> Task :data:report:extractDeepLinksRelease UP-TO-DATE
> Task :data:product:extractDeepLinksRelease UP-TO-DATE
> Task :data:auth:processReleaseManifest UP-TO-DATE
> Task :data:supplier:extractDeepLinksRelease UP-TO-DATE
> Task :data:agent:processReleaseManifest UP-TO-DATE
> Task :core:model:processReleaseManifest UP-TO-DATE
> Task :core:network:processReleaseManifest UP-TO-DATE
> Task :data:customer:processReleaseManifest UP-TO-DATE
> Task :data:sync:extractDeepLinksRelease UP-TO-DATE
> Task :data:finance:processReleaseManifest UP-TO-DATE
> Task :feature:agent:extractDeepLinksRelease UP-TO-DATE
> Task :feature:auth:extractDeepLinksRelease UP-TO-DATE
> Task :feature:dashboard:extractDeepLinksRelease UP-TO-DATE
> Task :feature:customers:extractDeepLinksRelease UP-TO-DATE
> Task :data:order:processReleaseManifest UP-TO-DATE
> Task :data:report:processReleaseManifest UP-TO-DATE
> Task :feature:finance:extractDeepLinksRelease UP-TO-DATE
> Task :feature:payments:extractDeepLinksRelease UP-TO-DATE
> Task :data:product:processReleaseManifest UP-TO-DATE
> Task :feature:agent:processReleaseManifest UP-TO-DATE
> Task :feature:products:extractDeepLinksRelease UP-TO-DATE
> Task :data:sync:processReleaseManifest UP-TO-DATE
> Task :feature:customers:processReleaseManifest UP-TO-DATE
> Task :feature:dashboard:processReleaseManifest UP-TO-DATE
> Task :feature:purchases:extractDeepLinksRelease UP-TO-DATE
> Task :data:supplier:processReleaseManifest UP-TO-DATE
> Task :feature:auth:processReleaseManifest UP-TO-DATE
> Task :feature:finance:processReleaseManifest UP-TO-DATE
> Task :feature:payments:processReleaseManifest UP-TO-DATE
> Task :feature:reports:extractDeepLinksRelease UP-TO-DATE
> Task :feature:sales:extractDeepLinksRelease UP-TO-DATE
> Task :feature:settings:extractDeepLinksRelease UP-TO-DATE
> Task :feature:suppliers:extractDeepLinksRelease UP-TO-DATE
> Task :core:common:parseReleaseLocalResources UP-TO-DATE
> Task :backdrop:parseReleaseLocalResources UP-TO-DATE
> Task :feature:suppliers:processReleaseManifest UP-TO-DATE
> Task :feature:settings:processReleaseManifest UP-TO-DATE
> Task :feature:products:processReleaseManifest UP-TO-DATE
> Task :core:database:parseReleaseLocalResources UP-TO-DATE
> Task :core:designsystem:parseReleaseLocalResources UP-TO-DATE
> Task :feature:purchases:processReleaseManifest UP-TO-DATE
> Task :core:common:generateReleaseRFile UP-TO-DATE
> Task :core:model:parseReleaseLocalResources UP-TO-DATE
> Task :core:database:generateReleaseRFile UP-TO-DATE
> Task :core:datastore:parseReleaseLocalResources UP-TO-DATE
> Task :feature:reports:processReleaseManifest UP-TO-DATE
> Task :feature:sales:processReleaseManifest UP-TO-DATE
> Task :backdrop:generateReleaseRFile UP-TO-DATE
> Task :core:network:parseReleaseLocalResources UP-TO-DATE
> Task :data:agent:parseReleaseLocalResources UP-TO-DATE
> Task :data:auth:parseReleaseLocalResources UP-TO-DATE
> Task :core:designsystem:generateReleaseRFile UP-TO-DATE
> Task :core:model:generateReleaseRFile UP-TO-DATE
> Task :data:customer:parseReleaseLocalResources UP-TO-DATE
> Task :data:agent:generateReleaseRFile UP-TO-DATE
> Task :core:datastore:generateReleaseRFile UP-TO-DATE
> Task :data:finance:parseReleaseLocalResources UP-TO-DATE
> Task :data:order:parseReleaseLocalResources UP-TO-DATE
> Task :data:product:parseReleaseLocalResources UP-TO-DATE
> Task :core:network:generateReleaseRFile UP-TO-DATE
> Task :data:auth:generateReleaseRFile UP-TO-DATE
> Task :data:supplier:parseReleaseLocalResources UP-TO-DATE
> Task :data:report:parseReleaseLocalResources UP-TO-DATE
> Task :data:order:generateReleaseRFile UP-TO-DATE
> Task :data:sync:parseReleaseLocalResources UP-TO-DATE
> Task :data:supplier:generateReleaseRFile UP-TO-DATE
> Task :feature:customers:parseReleaseLocalResources UP-TO-DATE
> Task :data:finance:generateReleaseRFile UP-TO-DATE
> Task :feature:dashboard:parseReleaseLocalResources UP-TO-DATE
> Task :feature:agent:parseReleaseLocalResources UP-TO-DATE
> Task :data:report:generateReleaseRFile UP-TO-DATE
> Task :data:customer:generateReleaseRFile UP-TO-DATE
> Task :data:sync:generateReleaseRFile UP-TO-DATE
> Task :feature:customers:generateReleaseRFile UP-TO-DATE
> Task :feature:auth:parseReleaseLocalResources UP-TO-DATE
> Task :data:product:generateReleaseRFile UP-TO-DATE
> Task :feature:dashboard:generateReleaseRFile UP-TO-DATE
> Task :feature:finance:parseReleaseLocalResources UP-TO-DATE
> Task :feature:products:parseReleaseLocalResources UP-TO-DATE
> Task :feature:auth:generateReleaseRFile UP-TO-DATE
> Task :feature:purchases:parseReleaseLocalResources UP-TO-DATE
> Task :feature:settings:parseReleaseLocalResources UP-TO-DATE
> Task :feature:reports:parseReleaseLocalResources UP-TO-DATE
> Task :feature:payments:parseReleaseLocalResources UP-TO-DATE
> Task :feature:sales:parseReleaseLocalResources UP-TO-DATE
> Task :feature:products:generateReleaseRFile UP-TO-DATE
> Task :feature:agent:generateReleaseRFile UP-TO-DATE
> Task :feature:finance:generateReleaseRFile UP-TO-DATE
> Task :feature:purchases:generateReleaseRFile UP-TO-DATE
> Task :core:common:checkKotlinGradlePluginConfigurationErrors SKIPPED
> Task :feature:payments:generateReleaseRFile UP-TO-DATE
> Task :core:model:checkKotlinGradlePluginConfigurationErrors SKIPPED
> Task :core:database:checkKotlinGradlePluginConfigurationErrors SKIPPED
> Task :core:datastore:checkKotlinGradlePluginConfigurationErrors SKIPPED
> Task :feature:suppliers:parseReleaseLocalResources UP-TO-DATE
> Task :feature:reports:generateReleaseRFile UP-TO-DATE
> Task :feature:sales:generateReleaseRFile UP-TO-DATE
> Task :backdrop:checkKotlinGradlePluginConfigurationErrors SKIPPED
> Task :core:designsystem:checkKotlinGradlePluginConfigurationErrors SKIPPED
> Task :core:network:checkKotlinGradlePluginConfigurationErrors SKIPPED
> Task :feature:settings:generateReleaseRFile UP-TO-DATE
> Task :data:agent:checkKotlinGradlePluginConfigurationErrors SKIPPED
> Task :feature:suppliers:generateReleaseRFile UP-TO-DATE
> Task :data:auth:checkKotlinGradlePluginConfigurationErrors SKIPPED
> Task :core:datastore:generateReleaseBuildConfig UP-TO-DATE
> Task :core:common:javaPreCompileRelease UP-TO-DATE
> Task :core:designsystem:javaPreCompileRelease UP-TO-DATE
> Task :app:buildKotlinToolingMetadata UP-TO-DATE
> Task :data:customer:checkKotlinGradlePluginConfigurationErrors SKIPPED
> Task :data:finance:checkKotlinGradlePluginConfigurationErrors SKIPPED
> Task :app:checkKotlinGradlePluginConfigurationErrors SKIPPED
> Task :app:preBuild UP-TO-DATE
> Task :app:preReleaseBuild UP-TO-DATE
> Task :core:network:generateReleaseBuildConfig UP-TO-DATE
> Task :app:generateReleaseBuildConfig UP-TO-DATE
> Task :data:agent:javaPreCompileRelease UP-TO-DATE
> Task :core:network:javaPreCompileRelease UP-TO-DATE
> Task :data:auth:javaPreCompileRelease UP-TO-DATE
> Task :data:finance:javaPreCompileRelease UP-TO-DATE
> Task :data:customer:javaPreCompileRelease UP-TO-DATE
> Task :data:product:checkKotlinGradlePluginConfigurationErrors SKIPPED
> Task :data:supplier:checkKotlinGradlePluginConfigurationErrors SKIPPED
> Task :data:order:checkKotlinGradlePluginConfigurationErrors SKIPPED
> Task :data:report:checkKotlinGradlePluginConfigurationErrors SKIPPED
> Task :data:sync:checkKotlinGradlePluginConfigurationErrors SKIPPED
> Task :core:database:javaPreCompileRelease UP-TO-DATE
> Task :feature:agent:checkKotlinGradlePluginConfigurationErrors SKIPPED
> Task :feature:agent:javaPreCompileRelease UP-TO-DATE
> Task :feature:auth:checkKotlinGradlePluginConfigurationErrors SKIPPED
> Task :data:supplier:javaPreCompileRelease UP-TO-DATE
> Task :feature:customers:checkKotlinGradlePluginConfigurationErrors SKIPPED
> Task :data:order:javaPreCompileRelease UP-TO-DATE
> Task :feature:dashboard:checkKotlinGradlePluginConfigurationErrors SKIPPED
> Task :data:product:javaPreCompileRelease UP-TO-DATE
> Task :data:sync:javaPreCompileRelease UP-TO-DATE
> Task :feature:payments:checkKotlinGradlePluginConfigurationErrors SKIPPED
> Task :feature:finance:checkKotlinGradlePluginConfigurationErrors SKIPPED
> Task :data:report:javaPreCompileRelease UP-TO-DATE
> Task :feature:products:checkKotlinGradlePluginConfigurationErrors SKIPPED
> Task :feature:auth:javaPreCompileRelease UP-TO-DATE
> Task :feature:purchases:checkKotlinGradlePluginConfigurationErrors SKIPPED
> Task :feature:customers:javaPreCompileRelease UP-TO-DATE
> Task :feature:reports:checkKotlinGradlePluginConfigurationErrors SKIPPED
> Task :feature:dashboard:javaPreCompileRelease UP-TO-DATE
> Task :feature:payments:javaPreCompileRelease UP-TO-DATE
> Task :feature:sales:checkKotlinGradlePluginConfigurationErrors SKIPPED
> Task :feature:settings:checkKotlinGradlePluginConfigurationErrors SKIPPED
> Task :feature:finance:javaPreCompileRelease UP-TO-DATE
> Task :feature:purchases:javaPreCompileRelease UP-TO-DATE
> Task :feature:products:javaPreCompileRelease UP-TO-DATE
> Task :feature:reports:javaPreCompileRelease UP-TO-DATE
> Task :feature:suppliers:checkKotlinGradlePluginConfigurationErrors SKIPPED
> Task :feature:sales:javaPreCompileRelease UP-TO-DATE
> Task :feature:settings:javaPreCompileRelease UP-TO-DATE
> Task :core:designsystem:extractProguardFiles UP-TO-DATE
> Task :core:network:extractProguardFiles UP-TO-DATE
> Task :core:database:extractProguardFiles UP-TO-DATE
> Task :core:designsystem:prepareLintJarForPublish UP-TO-DATE
> Task :core:database:prepareLintJarForPublish UP-TO-DATE
> Task :core:common:extractProguardFiles UP-TO-DATE
> Task :core:network:prepareLintJarForPublish UP-TO-DATE
> Task :feature:suppliers:javaPreCompileRelease UP-TO-DATE
> Task :core:common:prepareLintJarForPublish UP-TO-DATE
> Task :data:agent:extractProguardFiles UP-TO-DATE
> Task :data:auth:extractProguardFiles UP-TO-DATE
> Task :data:auth:prepareLintJarForPublish UP-TO-DATE
> Task :data:agent:prepareLintJarForPublish UP-TO-DATE
> Task :data:customer:extractProguardFiles UP-TO-DATE
> Task :data:order:extractProguardFiles UP-TO-DATE
> Task :data:customer:prepareLintJarForPublish UP-TO-DATE
> Task :data:finance:extractProguardFiles UP-TO-DATE
> Task :data:order:prepareLintJarForPublish UP-TO-DATE
> Task :data:finance:prepareLintJarForPublish UP-TO-DATE
> Task :data:product:extractProguardFiles UP-TO-DATE
> Task :data:sync:extractProguardFiles UP-TO-DATE
> Task :data:sync:prepareLintJarForPublish UP-TO-DATE
> Task :data:product:prepareLintJarForPublish UP-TO-DATE
> Task :data:supplier:extractProguardFiles UP-TO-DATE
> Task :data:report:extractProguardFiles UP-TO-DATE
> Task :data:supplier:prepareLintJarForPublish UP-TO-DATE
> Task :data:report:prepareLintJarForPublish UP-TO-DATE
> Task :feature:auth:extractProguardFiles UP-TO-DATE
> Task :feature:agent:extractProguardFiles UP-TO-DATE
> Task :feature:auth:prepareLintJarForPublish UP-TO-DATE
> Task :feature:customers:extractProguardFiles UP-TO-DATE
> Task :feature:finance:extractProguardFiles UP-TO-DATE
> Task :feature:agent:prepareLintJarForPublish UP-TO-DATE
> Task :feature:customers:prepareLintJarForPublish UP-TO-DATE
> Task :feature:dashboard:extractProguardFiles UP-TO-DATE
> Task :feature:finance:prepareLintJarForPublish UP-TO-DATE
> Task :feature:payments:extractProguardFiles UP-TO-DATE
> Task :feature:dashboard:prepareLintJarForPublish UP-TO-DATE
> Task :feature:products:extractProguardFiles UP-TO-DATE
> Task :feature:payments:prepareLintJarForPublish UP-TO-DATE
> Task :feature:reports:extractProguardFiles UP-TO-DATE
> Task :feature:purchases:extractProguardFiles UP-TO-DATE
> Task :feature:products:prepareLintJarForPublish UP-TO-DATE
> Task :feature:sales:extractProguardFiles UP-TO-DATE
> Task :feature:reports:prepareLintJarForPublish UP-TO-DATE
> Task :feature:purchases:prepareLintJarForPublish UP-TO-DATE
> Task :feature:settings:extractProguardFiles UP-TO-DATE
> Task :feature:sales:prepareLintJarForPublish UP-TO-DATE
> Task :feature:suppliers:extractProguardFiles UP-TO-DATE
> Task :feature:suppliers:prepareLintJarForPublish UP-TO-DATE
> Task :feature:settings:prepareLintJarForPublish UP-TO-DATE
> Task :feature:products:mergeReleaseJniLibFolders UP-TO-DATE
> Task :feature:auth:mergeReleaseJniLibFolders UP-TO-DATE
> Task :feature:dashboard:mergeReleaseJniLibFolders UP-TO-DATE
> Task :feature:customers:mergeReleaseJniLibFolders UP-TO-DATE
> Task :feature:suppliers:mergeReleaseJniLibFolders UP-TO-DATE
> Task :feature:products:mergeReleaseNativeLibs NO-SOURCE
> Task :feature:sales:mergeReleaseJniLibFolders UP-TO-DATE
> Task :feature:customers:mergeReleaseNativeLibs NO-SOURCE
> Task :feature:dashboard:mergeReleaseNativeLibs NO-SOURCE
> Task :feature:auth:mergeReleaseNativeLibs NO-SOURCE
> Task :feature:auth:stripReleaseDebugSymbols NO-SOURCE
> Task :feature:suppliers:mergeReleaseNativeLibs NO-SOURCE
> Task :feature:products:stripReleaseDebugSymbols NO-SOURCE
> Task :feature:dashboard:stripReleaseDebugSymbols NO-SOURCE
> Task :feature:customers:stripReleaseDebugSymbols NO-SOURCE
> Task :feature:sales:mergeReleaseNativeLibs NO-SOURCE
> Task :feature:suppliers:stripReleaseDebugSymbols NO-SOURCE
> Task :feature:sales:stripReleaseDebugSymbols NO-SOURCE
> Task :feature:dashboard:copyReleaseJniLibsProjectAndLocalJars UP-TO-DATE
> Task :feature:customers:copyReleaseJniLibsProjectAndLocalJars UP-TO-DATE
> Task :feature:products:copyReleaseJniLibsProjectAndLocalJars UP-TO-DATE
> Task :feature:auth:copyReleaseJniLibsProjectAndLocalJars UP-TO-DATE
> Task :feature:sales:copyReleaseJniLibsProjectAndLocalJars UP-TO-DATE
> Task :feature:dashboard:extractDeepLinksForAarRelease UP-TO-DATE
> Task :feature:suppliers:copyReleaseJniLibsProjectAndLocalJars UP-TO-DATE
> Task :feature:customers:extractDeepLinksForAarRelease UP-TO-DATE
> Task :feature:suppliers:extractDeepLinksForAarRelease UP-TO-DATE
> Task :feature:products:extractDeepLinksForAarRelease UP-TO-DATE
> Task :feature:sales:extractDeepLinksForAarRelease UP-TO-DATE
> Task :feature:auth:extractDeepLinksForAarRelease UP-TO-DATE
> Task :feature:dashboard:mergeReleaseShaders UP-TO-DATE
> Task :feature:customers:mergeReleaseShaders UP-TO-DATE
> Task :feature:dashboard:compileReleaseShaders NO-SOURCE
> Task :feature:dashboard:generateReleaseAssets UP-TO-DATE
> Task :feature:suppliers:mergeReleaseShaders UP-TO-DATE
> Task :feature:products:mergeReleaseShaders UP-TO-DATE
> Task :feature:customers:compileReleaseShaders NO-SOURCE
> Task :feature:customers:generateReleaseAssets UP-TO-DATE
> Task :feature:auth:mergeReleaseShaders UP-TO-DATE
> Task :feature:sales:mergeReleaseShaders UP-TO-DATE
> Task :feature:suppliers:compileReleaseShaders NO-SOURCE
> Task :feature:products:compileReleaseShaders NO-SOURCE
> Task :feature:products:generateReleaseAssets UP-TO-DATE
> Task :feature:auth:compileReleaseShaders NO-SOURCE
> Task :feature:auth:generateReleaseAssets UP-TO-DATE
> Task :feature:suppliers:generateReleaseAssets UP-TO-DATE
> Task :feature:dashboard:packageReleaseAssets UP-TO-DATE
> Task :feature:sales:compileReleaseShaders NO-SOURCE
> Task :feature:sales:generateReleaseAssets UP-TO-DATE
> Task :feature:customers:packageReleaseAssets UP-TO-DATE
> Task :feature:suppliers:packageReleaseAssets UP-TO-DATE
> Task :feature:sales:packageReleaseAssets UP-TO-DATE
> Task :feature:customers:prepareReleaseArtProfile UP-TO-DATE
> Task :feature:dashboard:prepareReleaseArtProfile UP-TO-DATE
> Task :feature:auth:packageReleaseAssets UP-TO-DATE
> Task :feature:products:packageReleaseAssets UP-TO-DATE
> Task :feature:suppliers:prepareReleaseArtProfile UP-TO-DATE
> Task :feature:auth:prepareReleaseArtProfile UP-TO-DATE
> Task :feature:sales:prepareReleaseArtProfile UP-TO-DATE
> Task :feature:products:prepareReleaseArtProfile UP-TO-DATE
> Task :feature:finance:mergeReleaseJniLibFolders UP-TO-DATE
> Task :feature:purchases:mergeReleaseJniLibFolders UP-TO-DATE
> Task :feature:payments:mergeReleaseJniLibFolders UP-TO-DATE
> Task :feature:reports:mergeReleaseJniLibFolders UP-TO-DATE
> Task :feature:finance:mergeReleaseNativeLibs NO-SOURCE
> Task :feature:settings:mergeReleaseJniLibFolders UP-TO-DATE
> Task :feature:agent:mergeReleaseJniLibFolders UP-TO-DATE
> Task :feature:purchases:mergeReleaseNativeLibs NO-SOURCE
> Task :feature:reports:mergeReleaseNativeLibs NO-SOURCE
> Task :feature:payments:mergeReleaseNativeLibs NO-SOURCE
> Task :feature:finance:stripReleaseDebugSymbols NO-SOURCE
> Task :feature:agent:mergeReleaseNativeLibs NO-SOURCE
> Task :feature:settings:mergeReleaseNativeLibs NO-SOURCE
> Task :feature:purchases:stripReleaseDebugSymbols NO-SOURCE
> Task :feature:payments:stripReleaseDebugSymbols NO-SOURCE
> Task :feature:agent:stripReleaseDebugSymbols NO-SOURCE
> Task :feature:reports:stripReleaseDebugSymbols NO-SOURCE
> Task :feature:settings:stripReleaseDebugSymbols NO-SOURCE
> Task :feature:finance:copyReleaseJniLibsProjectAndLocalJars UP-TO-DATE
> Task :feature:settings:copyReleaseJniLibsProjectAndLocalJars UP-TO-DATE
> Task :feature:payments:copyReleaseJniLibsProjectAndLocalJars UP-TO-DATE
> Task :feature:reports:copyReleaseJniLibsProjectAndLocalJars UP-TO-DATE
> Task :feature:agent:copyReleaseJniLibsProjectAndLocalJars UP-TO-DATE
> Task :feature:purchases:copyReleaseJniLibsProjectAndLocalJars UP-TO-DATE
> Task :feature:finance:extractDeepLinksForAarRelease UP-TO-DATE
> Task :feature:purchases:extractDeepLinksForAarRelease UP-TO-DATE
> Task :feature:payments:extractDeepLinksForAarRelease UP-TO-DATE
> Task :feature:settings:extractDeepLinksForAarRelease UP-TO-DATE
> Task :feature:agent:extractDeepLinksForAarRelease UP-TO-DATE
> Task :feature:reports:extractDeepLinksForAarRelease UP-TO-DATE
> Task :feature:finance:mergeReleaseShaders UP-TO-DATE
> Task :feature:purchases:mergeReleaseShaders UP-TO-DATE
> Task :feature:payments:mergeReleaseShaders UP-TO-DATE
> Task :feature:finance:compileReleaseShaders NO-SOURCE
> Task :feature:finance:generateReleaseAssets UP-TO-DATE
> Task :feature:purchases:compileReleaseShaders NO-SOURCE
> Task :feature:purchases:generateReleaseAssets UP-TO-DATE
> Task :feature:payments:compileReleaseShaders NO-SOURCE
> Task :feature:reports:mergeReleaseShaders UP-TO-DATE
> Task :feature:payments:generateReleaseAssets UP-TO-DATE
> Task :feature:agent:mergeReleaseShaders UP-TO-DATE
> Task :feature:settings:mergeReleaseShaders UP-TO-DATE
> Task :feature:reports:compileReleaseShaders NO-SOURCE
> Task :feature:finance:packageReleaseAssets UP-TO-DATE
> Task :feature:reports:generateReleaseAssets UP-TO-DATE
> Task :feature:purchases:packageReleaseAssets UP-TO-DATE
> Task :feature:payments:packageReleaseAssets UP-TO-DATE
> Task :feature:agent:compileReleaseShaders NO-SOURCE
> Task :feature:settings:compileReleaseShaders NO-SOURCE
> Task :feature:agent:generateReleaseAssets UP-TO-DATE
> Task :feature:settings:generateReleaseAssets UP-TO-DATE
> Task :feature:finance:prepareReleaseArtProfile UP-TO-DATE
> Task :feature:reports:packageReleaseAssets UP-TO-DATE
> Task :feature:purchases:prepareReleaseArtProfile UP-TO-DATE
> Task :feature:settings:packageReleaseAssets UP-TO-DATE
> Task :feature:payments:prepareReleaseArtProfile UP-TO-DATE
> Task :feature:agent:packageReleaseAssets UP-TO-DATE
> Task :feature:reports:prepareReleaseArtProfile UP-TO-DATE
> Task :core:designsystem:mergeReleaseJniLibFolders UP-TO-DATE
> Task :feature:agent:prepareReleaseArtProfile UP-TO-DATE
> Task :data:auth:mergeReleaseJniLibFolders UP-TO-DATE
> Task :feature:settings:prepareReleaseArtProfile UP-TO-DATE
> Task :core:common:mergeReleaseJniLibFolders UP-TO-DATE
> Task :core:designsystem:mergeReleaseNativeLibs NO-SOURCE
> Task :data:auth:mergeReleaseNativeLibs NO-SOURCE
> Task :core:designsystem:stripReleaseDebugSymbols NO-SOURCE
> Task :core:common:mergeReleaseNativeLibs NO-SOURCE
> Task :data:product:mergeReleaseJniLibFolders UP-TO-DATE
> Task :data:customer:mergeReleaseJniLibFolders UP-TO-DATE
> Task :data:supplier:mergeReleaseJniLibFolders UP-TO-DATE
> Task :data:auth:stripReleaseDebugSymbols NO-SOURCE
> Task :data:product:mergeReleaseNativeLibs NO-SOURCE
> Task :data:customer:mergeReleaseNativeLibs NO-SOURCE
> Task :core:designsystem:copyReleaseJniLibsProjectAndLocalJars UP-TO-DATE
> Task :core:common:stripReleaseDebugSymbols NO-SOURCE
> Task :data:supplier:mergeReleaseNativeLibs NO-SOURCE
> Task :data:product:stripReleaseDebugSymbols NO-SOURCE
> Task :data:customer:stripReleaseDebugSymbols NO-SOURCE
> Task :core:designsystem:extractDeepLinksForAarRelease UP-TO-DATE
> Task :data:supplier:stripReleaseDebugSymbols NO-SOURCE
> Task :data:auth:copyReleaseJniLibsProjectAndLocalJars UP-TO-DATE
> Task :core:common:copyReleaseJniLibsProjectAndLocalJars UP-TO-DATE
> Task :core:designsystem:mergeReleaseShaders UP-TO-DATE
> Task :data:product:copyReleaseJniLibsProjectAndLocalJars UP-TO-DATE
> Task :data:supplier:copyReleaseJniLibsProjectAndLocalJars UP-TO-DATE
> Task :core:designsystem:compileReleaseShaders NO-SOURCE
> Task :core:designsystem:generateReleaseAssets UP-TO-DATE
> Task :data:customer:copyReleaseJniLibsProjectAndLocalJars UP-TO-DATE
> Task :data:auth:extractDeepLinksForAarRelease UP-TO-DATE
> Task :core:common:extractDeepLinksForAarRelease UP-TO-DATE
> Task :data:product:extractDeepLinksForAarRelease UP-TO-DATE
> Task :data:supplier:extractDeepLinksForAarRelease UP-TO-DATE
> Task :data:customer:extractDeepLinksForAarRelease UP-TO-DATE
> Task :core:designsystem:packageReleaseAssets UP-TO-DATE
> Task :data:auth:mergeReleaseShaders UP-TO-DATE
> Task :data:product:mergeReleaseShaders UP-TO-DATE
> Task :core:common:mergeReleaseShaders UP-TO-DATE
> Task :data:auth:compileReleaseShaders NO-SOURCE
> Task :data:auth:generateReleaseAssets UP-TO-DATE
> Task :data:supplier:mergeReleaseShaders UP-TO-DATE
> Task :data:customer:mergeReleaseShaders UP-TO-DATE
> Task :data:product:compileReleaseShaders NO-SOURCE
> Task :data:product:generateReleaseAssets UP-TO-DATE
> Task :core:common:compileReleaseShaders NO-SOURCE
> Task :core:designsystem:prepareReleaseArtProfile UP-TO-DATE
> Task :core:common:generateReleaseAssets UP-TO-DATE
> Task :data:supplier:compileReleaseShaders NO-SOURCE
> Task :data:customer:compileReleaseShaders NO-SOURCE
> Task :data:supplier:generateReleaseAssets UP-TO-DATE
> Task :data:customer:generateReleaseAssets UP-TO-DATE
> Task :data:auth:packageReleaseAssets UP-TO-DATE
> Task :data:product:packageReleaseAssets UP-TO-DATE
> Task :core:common:packageReleaseAssets UP-TO-DATE
> Task :data:order:mergeReleaseJniLibFolders UP-TO-DATE
> Task :data:order:mergeReleaseNativeLibs NO-SOURCE
> Task :data:auth:prepareReleaseArtProfile UP-TO-DATE
> Task :data:order:stripReleaseDebugSymbols NO-SOURCE
> Task :data:product:prepareReleaseArtProfile UP-TO-DATE
> Task :core:common:prepareReleaseArtProfile UP-TO-DATE
> Task :data:supplier:packageReleaseAssets UP-TO-DATE
> Task :data:customer:packageReleaseAssets UP-TO-DATE
> Task :data:finance:mergeReleaseJniLibFolders UP-TO-DATE
> Task :data:order:copyReleaseJniLibsProjectAndLocalJars UP-TO-DATE
> Task :data:agent:mergeReleaseJniLibFolders UP-TO-DATE
> Task :data:report:mergeReleaseJniLibFolders UP-TO-DATE
> Task :data:agent:mergeReleaseNativeLibs NO-SOURCE
> Task :data:supplier:prepareReleaseArtProfile UP-TO-DATE
> Task :data:customer:prepareReleaseArtProfile UP-TO-DATE
> Task :data:finance:mergeReleaseNativeLibs NO-SOURCE
> Task :data:agent:stripReleaseDebugSymbols NO-SOURCE
> Task :data:report:mergeReleaseNativeLibs NO-SOURCE
> Task :data:order:extractDeepLinksForAarRelease UP-TO-DATE
> Task :data:report:stripReleaseDebugSymbols NO-SOURCE
> Task :data:finance:stripReleaseDebugSymbols NO-SOURCE
> Task :data:agent:copyReleaseJniLibsProjectAndLocalJars UP-TO-DATE
> Task :core:network:mergeReleaseJniLibFolders UP-TO-DATE
> Task :data:finance:copyReleaseJniLibsProjectAndLocalJars UP-TO-DATE
> Task :data:sync:mergeReleaseJniLibFolders UP-TO-DATE
> Task :data:report:copyReleaseJniLibsProjectAndLocalJars UP-TO-DATE
> Task :data:agent:extractDeepLinksForAarRelease UP-TO-DATE
> Task :data:order:mergeReleaseShaders UP-TO-DATE
> Task :data:finance:extractDeepLinksForAarRelease UP-TO-DATE
> Task :core:network:mergeReleaseNativeLibs NO-SOURCE
> Task :data:sync:mergeReleaseNativeLibs NO-SOURCE
> Task :data:order:compileReleaseShaders NO-SOURCE
> Task :core:network:stripReleaseDebugSymbols NO-SOURCE
> Task :data:order:generateReleaseAssets UP-TO-DATE
> Task :data:agent:mergeReleaseShaders UP-TO-DATE
> Task :data:sync:stripReleaseDebugSymbols NO-SOURCE
> Task :data:finance:mergeReleaseShaders UP-TO-DATE
> Task :data:agent:compileReleaseShaders NO-SOURCE
> Task :data:agent:generateReleaseAssets UP-TO-DATE
> Task :data:finance:compileReleaseShaders NO-SOURCE
> Task :data:finance:generateReleaseAssets UP-TO-DATE
> Task :core:network:copyReleaseJniLibsProjectAndLocalJars UP-TO-DATE
> Task :data:report:extractDeepLinksForAarRelease UP-TO-DATE
> Task :data:sync:copyReleaseJniLibsProjectAndLocalJars UP-TO-DATE
> Task :data:order:packageReleaseAssets UP-TO-DATE
> Task :data:agent:packageReleaseAssets UP-TO-DATE
> Task :data:finance:packageReleaseAssets UP-TO-DATE
> Task :data:sync:extractDeepLinksForAarRelease UP-TO-DATE
> Task :core:network:extractDeepLinksForAarRelease UP-TO-DATE
> Task :data:order:prepareReleaseArtProfile UP-TO-DATE
> Task :data:report:mergeReleaseShaders UP-TO-DATE
> Task :data:agent:prepareReleaseArtProfile UP-TO-DATE
> Task :data:report:compileReleaseShaders NO-SOURCE
> Task :data:report:generateReleaseAssets UP-TO-DATE
> Task :data:finance:prepareReleaseArtProfile UP-TO-DATE
> Task :data:sync:mergeReleaseShaders UP-TO-DATE
> Task :core:network:mergeReleaseShaders UP-TO-DATE
> Task :core:database:mergeReleaseJniLibFolders UP-TO-DATE
> Task :core:common:writeReleaseLintModelMetadata UP-TO-DATE
> Task :data:report:packageReleaseAssets UP-TO-DATE
> Task :core:designsystem:writeReleaseLintModelMetadata UP-TO-DATE
> Task :data:sync:compileReleaseShaders NO-SOURCE
> Task :data:sync:generateReleaseAssets UP-TO-DATE
> Task :data:agent:writeReleaseLintModelMetadata UP-TO-DATE
> Task :core:network:compileReleaseShaders NO-SOURCE
> Task :core:database:mergeReleaseNativeLibs NO-SOURCE
> Task :core:network:generateReleaseAssets UP-TO-DATE
> Task :data:auth:writeReleaseLintModelMetadata UP-TO-DATE
> Task :data:customer:writeReleaseLintModelMetadata UP-TO-DATE
> Task :core:database:stripReleaseDebugSymbols NO-SOURCE
> Task :data:finance:writeReleaseLintModelMetadata UP-TO-DATE
> Task :data:report:prepareReleaseArtProfile UP-TO-DATE
> Task :data:sync:packageReleaseAssets UP-TO-DATE
> Task :data:product:writeReleaseLintModelMetadata UP-TO-DATE
> Task :core:network:packageReleaseAssets UP-TO-DATE
> Task :data:order:writeReleaseLintModelMetadata UP-TO-DATE
> Task :core:database:copyReleaseJniLibsProjectAndLocalJars UP-TO-DATE
> Task :data:report:writeReleaseLintModelMetadata UP-TO-DATE
> Task :data:supplier:writeReleaseLintModelMetadata UP-TO-DATE
> Task :data:sync:prepareReleaseArtProfile UP-TO-DATE
> Task :feature:agent:writeReleaseLintModelMetadata UP-TO-DATE
> Task :feature:auth:writeReleaseLintModelMetadata UP-TO-DATE
> Task :core:network:prepareReleaseArtProfile UP-TO-DATE
> Task :feature:customers:writeReleaseLintModelMetadata UP-TO-DATE
> Task :core:database:extractDeepLinksForAarRelease UP-TO-DATE
> Task :feature:payments:writeReleaseLintModelMetadata UP-TO-DATE
> Task :core:network:writeReleaseLintModelMetadata UP-TO-DATE
> Task :data:sync:writeReleaseLintModelMetadata UP-TO-DATE
> Task :feature:finance:writeReleaseLintModelMetadata UP-TO-DATE
> Task :feature:dashboard:writeReleaseLintModelMetadata UP-TO-DATE
> Task :feature:products:writeReleaseLintModelMetadata UP-TO-DATE
> Task :feature:reports:writeReleaseLintModelMetadata UP-TO-DATE
> Task :core:database:mergeReleaseShaders UP-TO-DATE
> Task :feature:purchases:writeReleaseLintModelMetadata UP-TO-DATE
> Task :feature:sales:writeReleaseLintModelMetadata UP-TO-DATE
> Task :feature:settings:writeReleaseLintModelMetadata UP-TO-DATE
> Task :feature:suppliers:writeReleaseLintModelMetadata UP-TO-DATE
> Task :data:agent:copyReleaseJniLibsProjectOnly UP-TO-DATE
> Task :core:common:copyReleaseJniLibsProjectOnly UP-TO-DATE
> Task :core:network:copyReleaseJniLibsProjectOnly UP-TO-DATE
> Task :core:designsystem:copyReleaseJniLibsProjectOnly UP-TO-DATE
> Task :core:database:compileReleaseShaders NO-SOURCE
> Task :core:database:generateReleaseAssets UP-TO-DATE
> Task :data:product:copyReleaseJniLibsProjectOnly UP-TO-DATE
> Task :core:database:packageReleaseAssets UP-TO-DATE
> Task :data:order:copyReleaseJniLibsProjectOnly UP-TO-DATE
> Task :data:finance:copyReleaseJniLibsProjectOnly UP-TO-DATE
> Task :data:customer:copyReleaseJniLibsProjectOnly UP-TO-DATE
> Task :data:auth:copyReleaseJniLibsProjectOnly UP-TO-DATE
> Task :data:report:copyReleaseJniLibsProjectOnly UP-TO-DATE
> Task :data:supplier:copyReleaseJniLibsProjectOnly UP-TO-DATE
> Task :feature:agent:copyReleaseJniLibsProjectOnly UP-TO-DATE
> Task :core:database:prepareReleaseArtProfile UP-TO-DATE
> Task :data:sync:copyReleaseJniLibsProjectOnly UP-TO-DATE
> Task :feature:auth:copyReleaseJniLibsProjectOnly UP-TO-DATE
> Task :feature:dashboard:copyReleaseJniLibsProjectOnly UP-TO-DATE
> Task :core:database:writeReleaseLintModelMetadata UP-TO-DATE
> Task :feature:customers:copyReleaseJniLibsProjectOnly UP-TO-DATE
> Task :feature:finance:copyReleaseJniLibsProjectOnly UP-TO-DATE
> Task :feature:payments:copyReleaseJniLibsProjectOnly UP-TO-DATE
> Task :feature:sales:copyReleaseJniLibsProjectOnly UP-TO-DATE
> Task :feature:purchases:copyReleaseJniLibsProjectOnly UP-TO-DATE
> Task :feature:products:copyReleaseJniLibsProjectOnly UP-TO-DATE
> Task :feature:settings:copyReleaseJniLibsProjectOnly UP-TO-DATE
> Task :feature:reports:copyReleaseJniLibsProjectOnly UP-TO-DATE
> Task :core:database:copyReleaseJniLibsProjectOnly UP-TO-DATE
> Task :feature:suppliers:copyReleaseJniLibsProjectOnly UP-TO-DATE
> Task :core:designsystem:mapReleaseSourceSetPaths UP-TO-DATE
> Task :core:common:mapReleaseSourceSetPaths UP-TO-DATE
> Task :core:network:mapReleaseSourceSetPaths UP-TO-DATE
> Task :core:database:mapReleaseSourceSetPaths UP-TO-DATE
> Task :data:auth:mapReleaseSourceSetPaths UP-TO-DATE
> Task :data:agent:mapReleaseSourceSetPaths UP-TO-DATE
> Task :app:checkReleaseAarMetadata UP-TO-DATE
> Task :core:model:compileReleaseKotlin UP-TO-DATE
> Task :backdrop:compileReleaseKotlin UP-TO-DATE
> Task :core:datastore:kspReleaseKotlin UP-TO-DATE
> Task :app:generateReleaseResValues UP-TO-DATE
> Task :backdrop:javaPreCompileRelease UP-TO-DATE
> Task :core:model:javaPreCompileRelease UP-TO-DATE
> Task :core:model:compileReleaseJavaWithJavac NO-SOURCE
> Task :backdrop:compileReleaseJavaWithJavac NO-SOURCE
> Task :backdrop:bundleLibCompileToJarRelease UP-TO-DATE
> Task :core:model:bundleLibCompileToJarRelease UP-TO-DATE
> Task :backdrop:bundleLibRuntimeToJarRelease UP-TO-DATE
> Task :core:model:bundleLibRuntimeToJarRelease UP-TO-DATE
> Task :app:mapReleaseSourceSetPaths UP-TO-DATE
> Task :app:generateReleaseResources UP-TO-DATE
> Task :backdrop:processReleaseJavaRes UP-TO-DATE
> Task :core:datastore:compileReleaseKotlin UP-TO-DATE
> Task :backdrop:createFullJarRelease UP-TO-DATE
> Task :backdrop:extractProguardFiles UP-TO-DATE
> Task :core:datastore:javaPreCompileRelease UP-TO-DATE
> Task :core:model:processReleaseJavaRes UP-TO-DATE
> Task :core:datastore:compileReleaseJavaWithJavac UP-TO-DATE
> Task :core:common:mergeReleaseResources UP-TO-DATE
> Task :core:model:createFullJarRelease UP-TO-DATE
> Task :core:model:extractProguardFiles UP-TO-DATE
> Task :core:designsystem:mergeReleaseResources UP-TO-DATE
> Task :core:database:mergeReleaseResources UP-TO-DATE
> Task :core:network:mergeReleaseResources UP-TO-DATE
> Task :data:auth:mergeReleaseResources UP-TO-DATE
> Task :core:network:compileReleaseLibraryResources UP-TO-DATE
> Task :data:customer:mapReleaseSourceSetPaths UP-TO-DATE
> Task :data:agent:mergeReleaseResources UP-TO-DATE
> Task :data:finance:mapReleaseSourceSetPaths UP-TO-DATE
> Task :data:order:mapReleaseSourceSetPaths UP-TO-DATE
> Task :data:product:mapReleaseSourceSetPaths UP-TO-DATE
> Task :core:common:compileReleaseKotlin UP-TO-DATE
> Task :core:common:compileReleaseJavaWithJavac NO-SOURCE
> Task :core:common:bundleLibCompileToJarRelease UP-TO-DATE
> Task :core:model:generateReleaseLintModel UP-TO-DATE
> Task :core:common:bundleLibRuntimeToJarRelease UP-TO-DATE
> Task :core:datastore:transformReleaseClassesWithAsm UP-TO-DATE
> Task :core:datastore:bundleLibCompileToJarRelease UP-TO-DATE
> Task :core:datastore:bundleLibRuntimeToJarRelease UP-TO-DATE
> Task :data:customer:mergeReleaseResources UP-TO-DATE
> Task :core:common:processReleaseJavaRes UP-TO-DATE
> Task :core:model:prepareLintJarForPublish UP-TO-DATE
> Task :core:common:createFullJarRelease UP-TO-DATE
> Task :core:datastore:processReleaseJavaRes UP-TO-DATE
> Task :core:datastore:createFullJarRelease UP-TO-DATE
> Task :core:datastore:extractProguardFiles UP-TO-DATE
> Task :data:finance:mergeReleaseResources UP-TO-DATE
> Task :data:order:mergeReleaseResources UP-TO-DATE
> Task :core:model:mergeReleaseJniLibFolders UP-TO-DATE
> Task :core:model:mergeReleaseNativeLibs NO-SOURCE
> Task :core:model:stripReleaseDebugSymbols NO-SOURCE
> Task :core:model:copyReleaseJniLibsProjectAndLocalJars UP-TO-DATE
> Task :core:model:extractDeepLinksForAarRelease UP-TO-DATE
> Task :data:product:mergeReleaseResources UP-TO-DATE
> Task :data:report:mapReleaseSourceSetPaths UP-TO-DATE
> Task :core:database:kspReleaseKotlin UP-TO-DATE
> Task :data:supplier:mapReleaseSourceSetPaths UP-TO-DATE
> Task :core:model:extractReleaseAnnotations UP-TO-DATE
> Task :core:model:mergeReleaseGeneratedProguardFiles UP-TO-DATE
> Task :core:datastore:generateReleaseLintModel UP-TO-DATE
> Task :core:datastore:prepareLintJarForPublish UP-TO-DATE
> Task :core:model:mergeReleaseConsumerProguardFiles UP-TO-DATE
> Task :core:database:compileReleaseKotlin UP-TO-DATE
> Task :core:model:mergeReleaseShaders UP-TO-DATE
> Task :core:model:compileReleaseShaders NO-SOURCE
> Task :core:model:generateReleaseAssets UP-TO-DATE
> Task :core:model:packageReleaseAssets UP-TO-DATE
> Task :data:report:mergeReleaseResources UP-TO-DATE
> Task :core:model:prepareReleaseArtProfile UP-TO-DATE
> Task :core:model:mergeReleaseJavaResource UP-TO-DATE
> Task :core:network:kspReleaseKotlin UP-TO-DATE
> Task :core:database:compileReleaseJavaWithJavac UP-TO-DATE
> Task :core:model:syncReleaseLibJars UP-TO-DATE
> Task :backdrop:generateReleaseLintModel UP-TO-DATE
> Task :core:datastore:mergeReleaseJniLibFolders UP-TO-DATE
> Task :backdrop:prepareLintJarForPublish UP-TO-DATE
> Task :data:sync:mapReleaseSourceSetPaths UP-TO-DATE
> Task :core:common:generateReleaseLintModel UP-TO-DATE
> Task :core:model:bundleReleaseLocalLintAar UP-TO-DATE
> Task :core:datastore:mergeReleaseNativeLibs NO-SOURCE
> Task :backdrop:mergeReleaseJniLibFolders UP-TO-DATE
> Task :core:common:extractReleaseAnnotations UP-TO-DATE
> Task :core:datastore:stripReleaseDebugSymbols NO-SOURCE
> Task :backdrop:mergeReleaseNativeLibs NO-SOURCE
> Task :backdrop:stripReleaseDebugSymbols NO-SOURCE
> Task :core:common:mergeReleaseGeneratedProguardFiles UP-TO-DATE
> Task :core:model:writeReleaseLintModelMetadata UP-TO-DATE
> Task :core:common:mergeReleaseConsumerProguardFiles UP-TO-DATE
> Task :core:datastore:copyReleaseJniLibsProjectAndLocalJars UP-TO-DATE
> Task :core:database:transformReleaseClassesWithAsm UP-TO-DATE
> Task :backdrop:copyReleaseJniLibsProjectAndLocalJars UP-TO-DATE
> Task :data:supplier:mergeReleaseResources UP-TO-DATE
> Task :core:datastore:extractDeepLinksForAarRelease UP-TO-DATE
> Task :core:network:compileReleaseKotlin UP-TO-DATE
> Task :backdrop:extractDeepLinksForAarRelease UP-TO-DATE
> Task :core:database:bundleLibCompileToJarRelease UP-TO-DATE
> Task :core:model:lintVitalAnalyzeRelease UP-TO-DATE
> Task :data:agent:compileReleaseLibraryResources UP-TO-DATE
> Task :backdrop:extractReleaseAnnotations UP-TO-DATE
> Task :core:model:generateReleaseLintVitalModel UP-TO-DATE
> Task :core:database:bundleLibRuntimeToJarRelease UP-TO-DATE
> Task :core:datastore:extractReleaseAnnotations UP-TO-DATE
> Task :core:model:copyReleaseJniLibsProjectOnly UP-TO-DATE
> Task :backdrop:mergeReleaseGeneratedProguardFiles UP-TO-DATE
> Task :core:network:compileReleaseJavaWithJavac UP-TO-DATE
> Task :backdrop:mergeReleaseConsumerProguardFiles UP-TO-DATE
> Task :core:datastore:mergeReleaseGeneratedProguardFiles UP-TO-DATE
> Task :core:database:processReleaseJavaRes UP-TO-DATE
> Task :backdrop:mergeReleaseShaders UP-TO-DATE
> Task :core:datastore:mergeReleaseConsumerProguardFiles UP-TO-DATE
> Task :core:model:exportReleaseConsumerProguardFiles UP-TO-DATE
> Task :core:database:createFullJarRelease UP-TO-DATE
> Task :backdrop:compileReleaseShaders NO-SOURCE
> Task :backdrop:generateReleaseAssets UP-TO-DATE
> Task :core:datastore:mergeReleaseShaders UP-TO-DATE
> Task :core:datastore:compileReleaseShaders NO-SOURCE
> Task :backdrop:packageReleaseAssets UP-TO-DATE
> Task :core:model:compileReleaseLibraryResources UP-TO-DATE
> Task :core:datastore:generateReleaseAssets UP-TO-DATE
> Task :backdrop:prepareReleaseArtProfile UP-TO-DATE
> Task :core:network:transformReleaseClassesWithAsm UP-TO-DATE
> Task :core:datastore:packageReleaseAssets UP-TO-DATE
> Task :core:model:bundleReleaseAar UP-TO-DATE
> Task :core:network:bundleLibCompileToJarRelease UP-TO-DATE
> Task :core:datastore:prepareReleaseArtProfile UP-TO-DATE
> Task :backdrop:mergeReleaseJavaResource UP-TO-DATE
> Task :core:network:bundleLibRuntimeToJarRelease UP-TO-DATE
> Task :core:model:mapReleaseSourceSetPaths UP-TO-DATE
> Task :data:sync:mergeReleaseResources UP-TO-DATE
> Task :data:auth:kspReleaseKotlin UP-TO-DATE
> Task :core:database:generateReleaseLintModel UP-TO-DATE
> Task :feature:agent:mapReleaseSourceSetPaths UP-TO-DATE
> Task :data:finance:kspReleaseKotlin UP-TO-DATE
> Task :data:customer:kspReleaseKotlin UP-TO-DATE
> Task :data:agent:kspReleaseKotlin UP-TO-DATE
> Task :core:common:mergeReleaseJavaResource UP-TO-DATE
> Task :data:auth:compileReleaseKotlin UP-TO-DATE
> Task :data:order:kspReleaseKotlin UP-TO-DATE
> Task :data:finance:compileReleaseKotlin UP-TO-DATE
> Task :data:auth:compileReleaseJavaWithJavac UP-TO-DATE
> Task :data:product:kspReleaseKotlin UP-TO-DATE
> Task :data:customer:compileReleaseKotlin UP-TO-DATE
> Task :data:agent:compileReleaseKotlin UP-TO-DATE
> Task :data:finance:compileReleaseJavaWithJavac UP-TO-DATE
> Task :data:auth:transformReleaseClassesWithAsm UP-TO-DATE
> Task :data:auth:bundleLibCompileToJarRelease UP-TO-DATE
> Task :data:report:kspReleaseKotlin UP-TO-DATE
> Task :data:order:compileReleaseKotlin UP-TO-DATE
> Task :data:supplier:kspReleaseKotlin UP-TO-DATE
> Task :data:customer:compileReleaseJavaWithJavac UP-TO-DATE
> Task :data:agent:compileReleaseJavaWithJavac UP-TO-DATE
> Task :data:finance:transformReleaseClassesWithAsm UP-TO-DATE
> Task :data:product:compileReleaseKotlin UP-TO-DATE
> Task :data:finance:bundleLibCompileToJarRelease UP-TO-DATE
> Task :data:auth:bundleLibRuntimeToJarRelease UP-TO-DATE
> Task :data:order:compileReleaseJavaWithJavac UP-TO-DATE
> Task :data:customer:transformReleaseClassesWithAsm UP-TO-DATE
> Task :data:agent:transformReleaseClassesWithAsm UP-TO-DATE
> Task :data:product:compileReleaseJavaWithJavac UP-TO-DATE
> Task :data:finance:bundleLibRuntimeToJarRelease UP-TO-DATE
> Task :data:customer:bundleLibCompileToJarRelease UP-TO-DATE
> Task :data:agent:bundleLibCompileToJarRelease UP-TO-DATE
> Task :data:customer:bundleLibRuntimeToJarRelease UP-TO-DATE
> Task :data:supplier:compileReleaseKotlin UP-TO-DATE
> Task :data:report:compileReleaseKotlin UP-TO-DATE
> Task :data:agent:bundleLibRuntimeToJarRelease UP-TO-DATE
> Task :data:product:transformReleaseClassesWithAsm UP-TO-DATE
> Task :data:order:transformReleaseClassesWithAsm UP-TO-DATE
> Task :data:order:bundleLibCompileToJarRelease UP-TO-DATE
> Task :data:product:bundleLibCompileToJarRelease UP-TO-DATE
> Task :data:sync:kspReleaseKotlin UP-TO-DATE
> Task :data:product:bundleLibRuntimeToJarRelease UP-TO-DATE
> Task :data:order:bundleLibRuntimeToJarRelease UP-TO-DATE
> Task :data:supplier:compileReleaseJavaWithJavac UP-TO-DATE
> Task :data:report:compileReleaseJavaWithJavac UP-TO-DATE
> Task :data:auth:processReleaseJavaRes UP-TO-DATE
> Task :core:network:processReleaseJavaRes UP-TO-DATE
> Task :data:agent:processReleaseJavaRes UP-TO-DATE
> Task :data:auth:createFullJarRelease UP-TO-DATE
> Task :core:network:createFullJarRelease UP-TO-DATE
> Task :data:agent:createFullJarRelease UP-TO-DATE
> Task :data:customer:processReleaseJavaRes UP-TO-DATE
> Task :data:finance:processReleaseJavaRes UP-TO-DATE
> Task :data:product:processReleaseJavaRes UP-TO-DATE
> Task :data:customer:createFullJarRelease UP-TO-DATE
> Task :data:order:processReleaseJavaRes UP-TO-DATE
> Task :data:finance:createFullJarRelease UP-TO-DATE
> Task :data:product:createFullJarRelease UP-TO-DATE
> Task :data:report:transformReleaseClassesWithAsm UP-TO-DATE
> Task :data:order:createFullJarRelease UP-TO-DATE
> Task :core:common:syncReleaseLibJars UP-TO-DATE
> Task :data:report:bundleLibCompileToJarRelease UP-TO-DATE
> Task :data:supplier:transformReleaseClassesWithAsm UP-TO-DATE
> Task :core:common:bundleReleaseLocalLintAar UP-TO-DATE
> Task :data:report:bundleLibRuntimeToJarRelease UP-TO-DATE
> Task :data:supplier:bundleLibCompileToJarRelease UP-TO-DATE
> Task :data:supplier:bundleLibRuntimeToJarRelease UP-TO-DATE
> Task :data:report:processReleaseJavaRes UP-TO-DATE
> Task :data:sync:compileReleaseKotlin UP-TO-DATE
> Task :data:product:extractReleaseAnnotations UP-TO-DATE
> Task :data:customer:extractReleaseAnnotations UP-TO-DATE
> Task :data:auth:extractReleaseAnnotations UP-TO-DATE
> Task :data:report:createFullJarRelease UP-TO-DATE
> Task :data:supplier:processReleaseJavaRes UP-TO-DATE
> Task :core:network:generateReleaseLintModel UP-TO-DATE
> Task :data:product:mergeReleaseGeneratedProguardFiles UP-TO-DATE
> Task :data:customer:mergeReleaseGeneratedProguardFiles UP-TO-DATE
> Task :data:auth:mergeReleaseGeneratedProguardFiles UP-TO-DATE
> Task :data:supplier:createFullJarRelease UP-TO-DATE
> Task :data:sync:compileReleaseJavaWithJavac UP-TO-DATE
> Task :data:finance:extractReleaseAnnotations UP-TO-DATE
> Task :data:customer:generateReleaseLintModel UP-TO-DATE
> Task :data:report:generateReleaseLintModel UP-TO-DATE
> Task :data:auth:generateReleaseLintModel UP-TO-DATE
> Task :data:sync:transformReleaseClassesWithAsm UP-TO-DATE
> Task :data:customer:mergeReleaseConsumerProguardFiles UP-TO-DATE
> Task :data:auth:mergeReleaseConsumerProguardFiles UP-TO-DATE
> Task :data:product:generateReleaseLintModel UP-TO-DATE
> Task :data:auth:mergeReleaseJavaResource UP-TO-DATE
> Task :data:sync:bundleLibCompileToJarRelease UP-TO-DATE
> Task :data:product:mergeReleaseConsumerProguardFiles UP-TO-DATE
> Task :data:customer:mergeReleaseJavaResource UP-TO-DATE
> Task :data:sync:bundleLibRuntimeToJarRelease UP-TO-DATE
> Task :data:auth:syncReleaseLibJars UP-TO-DATE
> Task :data:product:mergeReleaseJavaResource UP-TO-DATE
> Task :data:customer:syncReleaseLibJars UP-TO-DATE
> Task :data:finance:generateReleaseLintModel UP-TO-DATE
> Task :data:product:syncReleaseLibJars UP-TO-DATE
> Task :data:auth:bundleReleaseLocalLintAar UP-TO-DATE
> Task :data:finance:mergeReleaseGeneratedProguardFiles UP-TO-DATE
> Task :data:customer:bundleReleaseLocalLintAar UP-TO-DATE
> Task :data:product:bundleReleaseLocalLintAar UP-TO-DATE
> Task :data:finance:mergeReleaseConsumerProguardFiles UP-TO-DATE
> Task :data:sync:processReleaseJavaRes UP-TO-DATE
> Task :data:sync:createFullJarRelease UP-TO-DATE
> Task :data:finance:mergeReleaseJavaResource UP-TO-DATE
> Task :data:supplier:generateReleaseLintModel UP-TO-DATE
> Task :data:finance:syncReleaseLibJars UP-TO-DATE
> Task :data:report:extractReleaseAnnotations UP-TO-DATE
> Task :core:network:extractReleaseAnnotations UP-TO-DATE
> Task :data:finance:bundleReleaseLocalLintAar UP-TO-DATE
> Task :data:report:mergeReleaseGeneratedProguardFiles UP-TO-DATE
> Task :core:database:extractReleaseAnnotations UP-TO-DATE
> Task :core:network:mergeReleaseGeneratedProguardFiles UP-TO-DATE
> Task :data:report:mergeReleaseConsumerProguardFiles UP-TO-DATE
> Task :core:network:mergeReleaseConsumerProguardFiles UP-TO-DATE
> Task :data:report:mergeReleaseJavaResource UP-TO-DATE
> Task :core:database:mergeReleaseGeneratedProguardFiles UP-TO-DATE
> Task :core:datastore:mergeReleaseJavaResource UP-TO-DATE
> Task :core:network:mergeReleaseJavaResource UP-TO-DATE
> Task :core:database:mergeReleaseConsumerProguardFiles UP-TO-DATE
> Task :data:report:syncReleaseLibJars UP-TO-DATE
> Task :core:datastore:syncReleaseLibJars UP-TO-DATE
> Task :core:database:mergeReleaseJavaResource UP-TO-DATE
> Task :core:network:syncReleaseLibJars UP-TO-DATE
> Task :data:supplier:extractReleaseAnnotations UP-TO-DATE
> Task :data:report:bundleReleaseLocalLintAar UP-TO-DATE
> Task :core:datastore:bundleReleaseLocalLintAar UP-TO-DATE
> Task :core:network:bundleReleaseLocalLintAar UP-TO-DATE
> Task :data:supplier:mergeReleaseGeneratedProguardFiles UP-TO-DATE
> Task :core:database:syncReleaseLibJars UP-TO-DATE
> Task :backdrop:syncReleaseLibJars UP-TO-DATE
> Task :data:supplier:mergeReleaseConsumerProguardFiles UP-TO-DATE
> Task :core:database:bundleReleaseLocalLintAar UP-TO-DATE
> Task :backdrop:bundleReleaseLocalLintAar UP-TO-DATE
> Task :data:supplier:mergeReleaseJavaResource UP-TO-DATE
> Task :backdrop:writeReleaseLintModelMetadata UP-TO-DATE
> Task :data:supplier:syncReleaseLibJars UP-TO-DATE
> Task :core:common:lintVitalAnalyzeRelease UP-TO-DATE
> Task :data:supplier:bundleReleaseLocalLintAar UP-TO-DATE
> Task :core:database:lintVitalAnalyzeRelease UP-TO-DATE
> Task :core:datastore:lintVitalAnalyzeRelease UP-TO-DATE
> Task :core:datastore:writeReleaseLintModelMetadata UP-TO-DATE
> Task :backdrop:lintVitalAnalyzeRelease UP-TO-DATE
> Task :data:sync:generateReleaseLintModel UP-TO-DATE
> Task :core:common:generateReleaseLintVitalModel UP-TO-DATE
> Task :core:network:lintVitalAnalyzeRelease UP-TO-DATE
> Task :backdrop:generateReleaseLintVitalModel UP-TO-DATE
> Task :data:customer:lintVitalAnalyzeRelease UP-TO-DATE
> Task :data:sync:extractReleaseAnnotations UP-TO-DATE
> Task :data:auth:lintVitalAnalyzeRelease UP-TO-DATE
> Task :core:database:generateReleaseLintVitalModel UP-TO-DATE
> Task :data:sync:mergeReleaseGeneratedProguardFiles UP-TO-DATE
> Task :core:datastore:generateReleaseLintVitalModel UP-TO-DATE
> Task :data:sync:mergeReleaseConsumerProguardFiles UP-TO-DATE
> Task :data:finance:lintVitalAnalyzeRelease UP-TO-DATE
> Task :data:sync:mergeReleaseJavaResource UP-TO-DATE
> Task :core:network:generateReleaseLintVitalModel UP-TO-DATE
> Task :data:sync:syncReleaseLibJars UP-TO-DATE
> Task :data:product:lintVitalAnalyzeRelease UP-TO-DATE
> Task :data:auth:generateReleaseLintVitalModel UP-TO-DATE
> Task :data:supplier:lintVitalAnalyzeRelease UP-TO-DATE
> Task :data:sync:bundleReleaseLocalLintAar UP-TO-DATE
> Task :data:report:lintVitalAnalyzeRelease UP-TO-DATE
> Task :data:order:extractReleaseAnnotations UP-TO-DATE
> Task :data:customer:generateReleaseLintVitalModel UP-TO-DATE
> Task :data:product:generateReleaseLintVitalModel UP-TO-DATE
> Task :data:agent:generateReleaseLintModel UP-TO-DATE
> Task :backdrop:copyReleaseJniLibsProjectOnly UP-TO-DATE
> Task :data:finance:generateReleaseLintVitalModel UP-TO-DATE
> Task :data:supplier:generateReleaseLintVitalModel UP-TO-DATE
> Task :core:common:exportReleaseConsumerProguardFiles UP-TO-DATE
> Task :core:datastore:copyReleaseJniLibsProjectOnly UP-TO-DATE
> Task :data:sync:lintVitalAnalyzeRelease UP-TO-DATE
> Task :data:product:exportReleaseConsumerProguardFiles UP-TO-DATE
> Task :data:customer:exportReleaseConsumerProguardFiles UP-TO-DATE
> Task :data:auth:exportReleaseConsumerProguardFiles UP-TO-DATE
> Task :data:supplier:exportReleaseConsumerProguardFiles UP-TO-DATE
> Task :data:finance:exportReleaseConsumerProguardFiles UP-TO-DATE
> Task :core:database:exportReleaseConsumerProguardFiles UP-TO-DATE
> Task :core:datastore:exportReleaseConsumerProguardFiles UP-TO-DATE
> Task :data:agent:extractReleaseAnnotations UP-TO-DATE
> Task :core:network:exportReleaseConsumerProguardFiles UP-TO-DATE
> Task :data:report:generateReleaseLintVitalModel UP-TO-DATE
> Task :backdrop:exportReleaseConsumerProguardFiles UP-TO-DATE
> Task :core:common:bundleReleaseAar UP-TO-DATE
> Task :core:database:bundleReleaseAar UP-TO-DATE
> Task :data:agent:mergeReleaseGeneratedProguardFiles UP-TO-DATE
> Task :data:report:exportReleaseConsumerProguardFiles UP-TO-DATE
> Task :backdrop:bundleReleaseAar UP-TO-DATE
> Task :core:datastore:bundleReleaseAar UP-TO-DATE
> Task :data:order:generateReleaseLintModel UP-TO-DATE
> Task :data:agent:mergeReleaseConsumerProguardFiles UP-TO-DATE
> Task :data:sync:generateReleaseLintVitalModel UP-TO-DATE
> Task :data:sync:exportReleaseConsumerProguardFiles UP-TO-DATE
> Task :data:order:mergeReleaseGeneratedProguardFiles UP-TO-DATE
> Task :data:order:mergeReleaseConsumerProguardFiles UP-TO-DATE
> Task :core:network:bundleReleaseAar UP-TO-DATE
> Task :core:datastore:mapReleaseSourceSetPaths UP-TO-DATE
> Task :data:agent:mergeReleaseJavaResource UP-TO-DATE
> Task :data:order:mergeReleaseJavaResource UP-TO-DATE
> Task :data:auth:bundleReleaseAar UP-TO-DATE
> Task :backdrop:mapReleaseSourceSetPaths UP-TO-DATE
> Task :core:database:verifyReleaseResources UP-TO-DATE
> Task :core:database:assembleRelease UP-TO-DATE
> Task :data:agent:syncReleaseLibJars UP-TO-DATE
> Task :data:order:syncReleaseLibJars UP-TO-DATE
> Task :core:database:compileReleaseLibraryResources UP-TO-DATE
> Task :data:customer:bundleReleaseAar UP-TO-DATE
> Task :data:order:bundleReleaseLocalLintAar UP-TO-DATE
> Task :data:agent:bundleReleaseLocalLintAar UP-TO-DATE
> Task :data:product:bundleReleaseAar UP-TO-DATE
> Task :data:finance:bundleReleaseAar UP-TO-DATE
> Task :data:report:bundleReleaseAar UP-TO-DATE
> Task :data:sync:bundleReleaseAar UP-TO-DATE
> Task :data:supplier:bundleReleaseAar UP-TO-DATE
> Task :core:designsystem:compileReleaseLibraryResources UP-TO-DATE
> Task :data:auth:compileReleaseLibraryResources UP-TO-DATE
> Task :data:order:lintVitalAnalyzeRelease UP-TO-DATE
> Task :data:agent:lintVitalAnalyzeRelease UP-TO-DATE
> Task :core:model:mergeReleaseResources UP-TO-DATE
> Task :data:order:generateReleaseLintVitalModel UP-TO-DATE
> Task :data:order:exportReleaseConsumerProguardFiles UP-TO-DATE
> Task :data:agent:generateReleaseLintVitalModel UP-TO-DATE
> Task :data:agent:exportReleaseConsumerProguardFiles UP-TO-DATE
> Task :core:model:verifyReleaseResources UP-TO-DATE
> Task :data:order:bundleReleaseAar UP-TO-DATE
> Task :core:model:assembleRelease UP-TO-DATE
> Task :core:datastore:mergeReleaseResources UP-TO-DATE
> Task :data:agent:bundleReleaseAar UP-TO-DATE
> Task :data:customer:compileReleaseLibraryResources UP-TO-DATE
> Task :data:finance:compileReleaseLibraryResources UP-TO-DATE
> Task :data:order:compileReleaseLibraryResources UP-TO-DATE
> Task :core:datastore:verifyReleaseResources UP-TO-DATE
> Task :core:datastore:assembleRelease UP-TO-DATE
> Task :feature:auth:mapReleaseSourceSetPaths UP-TO-DATE
> Task :core:datastore:compileReleaseLibraryResources UP-TO-DATE
> Task :backdrop:mergeReleaseResources UP-TO-DATE
> Task :feature:customers:mapReleaseSourceSetPaths UP-TO-DATE
> Task :core:network:verifyReleaseResources UP-TO-DATE
> Task :core:network:assembleRelease UP-TO-DATE
> Task :data:agent:verifyReleaseResources UP-TO-DATE
> Task :data:agent:assembleRelease UP-TO-DATE
> Task :feature:agent:mergeReleaseResources UP-TO-DATE
> Task :feature:dashboard:mapReleaseSourceSetPaths UP-TO-DATE
> Task :data:auth:verifyReleaseResources UP-TO-DATE
> Task :data:customer:verifyReleaseResources UP-TO-DATE
> Task :data:customer:assembleRelease UP-TO-DATE
> Task :data:auth:assembleRelease UP-TO-DATE
> Task :backdrop:verifyReleaseResources UP-TO-DATE
> Task :backdrop:assembleRelease UP-TO-DATE
> Task :data:finance:verifyReleaseResources UP-TO-DATE
> Task :data:finance:assembleRelease UP-TO-DATE
> Task :data:order:verifyReleaseResources UP-TO-DATE
> Task :data:order:assembleRelease UP-TO-DATE
> Task :backdrop:compileReleaseLibraryResources UP-TO-DATE
> Task :data:sync:verifyReleaseResources UP-TO-DATE
> Task :data:sync:assembleRelease UP-TO-DATE
> Task :data:report:verifyReleaseResources UP-TO-DATE
> Task :data:supplier:verifyReleaseResources UP-TO-DATE
> Task :data:report:assembleRelease UP-TO-DATE
> Task :data:supplier:assembleRelease UP-TO-DATE
> Task :data:supplier:compileReleaseLibraryResources UP-TO-DATE
> Task :feature:auth:mergeReleaseResources UP-TO-DATE
> Task :feature:payments:mapReleaseSourceSetPaths UP-TO-DATE
> Task :feature:finance:mapReleaseSourceSetPaths UP-TO-DATE
> Task :feature:products:mapReleaseSourceSetPaths UP-TO-DATE
> Task :data:product:compileReleaseLibraryResources UP-TO-DATE
> Task :feature:purchases:mapReleaseSourceSetPaths UP-TO-DATE
> Task :app:mergeReleaseResources UP-TO-DATE
> Task :feature:customers:mergeReleaseResources UP-TO-DATE
> Task :data:sync:compileReleaseLibraryResources UP-TO-DATE
> Task :core:common:verifyReleaseResources UP-TO-DATE
> Task :core:common:assembleRelease UP-TO-DATE
> Task :data:product:verifyReleaseResources UP-TO-DATE
> Task :data:product:assembleRelease UP-TO-DATE
> Task :core:common:compileReleaseLibraryResources UP-TO-DATE
> Task :core:designsystem:verifyReleaseResources UP-TO-DATE
> Task :feature:reports:mapReleaseSourceSetPaths UP-TO-DATE
> Task :feature:sales:mapReleaseSourceSetPaths UP-TO-DATE
> Task :feature:auth:verifyReleaseResources UP-TO-DATE
> Task :feature:agent:verifyReleaseResources UP-TO-DATE
> Task :feature:customers:verifyReleaseResources UP-TO-DATE
> Task :feature:finance:mergeReleaseResources UP-TO-DATE
> Task :feature:finance:verifyReleaseResources UP-TO-DATE
> Task :feature:products:mergeReleaseResources UP-TO-DATE
> Task :feature:payments:mergeReleaseResources UP-TO-DATE
> Task :feature:dashboard:mergeReleaseResources UP-TO-DATE
> Task :feature:purchases:mergeReleaseResources UP-TO-DATE
> Task :feature:settings:mapReleaseSourceSetPaths UP-TO-DATE
> Task :app:packageReleaseResources UP-TO-DATE
> Task :feature:payments:verifyReleaseResources UP-TO-DATE
> Task :feature:dashboard:verifyReleaseResources UP-TO-DATE
> Task :feature:products:verifyReleaseResources UP-TO-DATE
> Task :app:parseReleaseLocalResources UP-TO-DATE
> Task :feature:suppliers:mapReleaseSourceSetPaths UP-TO-DATE
> Task :app:createReleaseCompatibleScreenManifests UP-TO-DATE
> Task :app:extractDeepLinksRelease UP-TO-DATE
> Task :feature:purchases:verifyReleaseResources UP-TO-DATE
> Task :feature:reports:mergeReleaseResources UP-TO-DATE
> Task :app:processReleaseMainManifest UP-TO-DATE
> Task :feature:sales:mergeReleaseResources UP-TO-DATE
> Task :app:processReleaseManifest UP-TO-DATE
> Task :app:processReleaseManifestForPackage UP-TO-DATE
> Task :feature:reports:verifyReleaseResources UP-TO-DATE
> Task :feature:sales:verifyReleaseResources UP-TO-DATE
> Task :feature:settings:mergeReleaseResources UP-TO-DATE
> Task :feature:suppliers:mergeReleaseResources UP-TO-DATE
> Task :feature:settings:verifyReleaseResources UP-TO-DATE
> Task :feature:suppliers:verifyReleaseResources UP-TO-DATE
> Task :app:processReleaseResources UP-TO-DATE
> Task :app:javaPreCompileRelease UP-TO-DATE
> Task :app:extractProguardFiles UP-TO-DATE
> Task :app:mergeReleaseJniLibFolders UP-TO-DATE
> Task :app:mergeReleaseNativeLibs UP-TO-DATE
> Task :app:stripReleaseDebugSymbols UP-TO-DATE
> Task :app:extractReleaseNativeSymbolTables UP-TO-DATE
> Task :app:mergeReleaseNativeDebugMetadata NO-SOURCE
> Task :app:checkReleaseDuplicateClasses UP-TO-DATE
> Task :app:mergeReleaseArtProfile UP-TO-DATE
> Task :app:mergeReleaseStartupProfile UP-TO-DATE
> Task :app:mergeReleaseShaders UP-TO-DATE
> Task :app:compileReleaseShaders NO-SOURCE
> Task :app:generateReleaseAssets UP-TO-DATE
> Task :app:mergeReleaseAssets UP-TO-DATE
> Task :app:compressReleaseAssets UP-TO-DATE
> Task :app:extractReleaseVersionControlInfo UP-TO-DATE
> Task :app:processApplicationManifestReleaseForBundle UP-TO-DATE
> Task :app:bundleReleaseResources UP-TO-DATE
> Task :app:collectReleaseDependencies UP-TO-DATE
> Task :app:sdkReleaseDependencyData UP-TO-DATE
> Task :app:writeReleaseAppMetadata UP-TO-DATE
> Task :app:writeReleaseSigningConfigVersions UP-TO-DATE
> Task :core:designsystem:compileReleaseKotlin
> Task :core:designsystem:compileReleaseJavaWithJavac NO-SOURCE
> Task :core:designsystem:processReleaseJavaRes
> Task :core:designsystem:bundleLibCompileToJarRelease
> Task :core:designsystem:bundleLibRuntimeToJarRelease
> Task :core:designsystem:generateReleaseLintModel
> Task :feature:dashboard:kspReleaseKotlin
> Task :feature:finance:kspReleaseKotlin
> Task :feature:reports:kspReleaseKotlin
> Task :feature:auth:kspReleaseKotlin
> Task :feature:agent:kspReleaseKotlin
> Task :feature:auth:compileReleaseKotlin
> Task :feature:auth:compileReleaseJavaWithJavac UP-TO-DATE
> Task :feature:products:kspReleaseKotlin
> Task :feature:auth:transformReleaseClassesWithAsm
> Task :feature:auth:bundleLibCompileToJarRelease UP-TO-DATE
> Task :feature:payments:kspReleaseKotlin
> Task :feature:customers:kspReleaseKotlin
> Task :feature:purchases:kspReleaseKotlin
> Task :feature:sales:kspReleaseKotlin
> Task :feature:finance:compileReleaseKotlin
> Task :feature:payments:compileReleaseKotlin
> Task :feature:customers:compileReleaseKotlin
> Task :feature:finance:compileReleaseJavaWithJavac UP-TO-DATE
> Task :feature:customers:compileReleaseJavaWithJavac UP-TO-DATE
> Task :feature:payments:compileReleaseJavaWithJavac UP-TO-DATE
> Task :feature:finance:transformReleaseClassesWithAsm
> Task :feature:finance:bundleLibCompileToJarRelease
> Task :feature:customers:transformReleaseClassesWithAsm
> Task :feature:payments:transformReleaseClassesWithAsm
> Task :feature:customers:bundleLibCompileToJarRelease
> Task :feature:auth:bundleLibRuntimeToJarRelease UP-TO-DATE
> Task :feature:payments:bundleLibCompileToJarRelease
> Task :feature:customers:bundleLibRuntimeToJarRelease
> Task :feature:payments:bundleLibRuntimeToJarRelease
> Task :feature:finance:bundleLibRuntimeToJarRelease
> Task :feature:auth:processReleaseJavaRes UP-TO-DATE
> Task :core:designsystem:createFullJarRelease
> Task :feature:auth:createFullJarRelease UP-TO-DATE
> Task :feature:customers:processReleaseJavaRes UP-TO-DATE
> Task :feature:customers:createFullJarRelease
> Task :feature:purchases:compileReleaseKotlin
> Task :feature:auth:generateReleaseLintModel
> Task :feature:customers:generateReleaseLintModel
> Task :feature:payments:processReleaseJavaRes UP-TO-DATE
> Task :feature:finance:processReleaseJavaRes UP-TO-DATE
> Task :feature:sales:compileReleaseKotlin
> Task :feature:finance:createFullJarRelease
> Task :feature:payments:createFullJarRelease
> Task :feature:products:compileReleaseKotlin
> Task :feature:purchases:compileReleaseJavaWithJavac UP-TO-DATE
> Task :feature:finance:generateReleaseLintModel
> Task :feature:payments:generateReleaseLintModel
> Task :feature:purchases:processReleaseJavaRes UP-TO-DATE
> Task :feature:sales:compileReleaseJavaWithJavac UP-TO-DATE
> Task :feature:auth:extractReleaseAnnotations
> Task :feature:auth:mergeReleaseGeneratedProguardFiles UP-TO-DATE
> Task :feature:auth:mergeReleaseConsumerProguardFiles UP-TO-DATE
> Task :feature:auth:mergeReleaseJavaResource UP-TO-DATE
> Task :feature:auth:syncReleaseLibJars UP-TO-DATE
> Task :feature:auth:bundleReleaseLocalLintAar UP-TO-DATE
> Task :feature:products:compileReleaseJavaWithJavac UP-TO-DATE
> Task :feature:customers:extractReleaseAnnotations
> Task :feature:purchases:generateReleaseLintModel
> Task :feature:sales:processReleaseJavaRes UP-TO-DATE
> Task :feature:customers:mergeReleaseGeneratedProguardFiles UP-TO-DATE
> Task :feature:products:processReleaseJavaRes

> Task :feature:dashboard:compileReleaseKotlin
w: file:///Users/sunyiyang/Desktop/Project/master-goods/master-goods-android/feature/dashboard/src/main/java/com/zhihuiji/feature/dashboard/DashboardScreen.kt:77:38 'val Icons.Filled.ReceiptLong: ImageVector' is deprecated. Use the AutoMirrored version at Icons.AutoMirrored.Filled.ReceiptLong.

> Task :feature:products:transformReleaseClassesWithAsm
> Task :feature:customers:mergeReleaseConsumerProguardFiles UP-TO-DATE
> Task :feature:customers:mergeReleaseJavaResource UP-TO-DATE
> Task :feature:sales:transformReleaseClassesWithAsm
> Task :feature:products:generateReleaseLintModel
> Task :feature:sales:generateReleaseLintModel
> Task :feature:purchases:transformReleaseClassesWithAsm
> Task :feature:products:bundleLibCompileToJarRelease
> Task :feature:products:bundleLibRuntimeToJarRelease
> Task :feature:sales:bundleLibCompileToJarRelease
> Task :feature:purchases:extractReleaseAnnotations
> Task :feature:products:createFullJarRelease
> Task :feature:sales:bundleLibRuntimeToJarRelease
> Task :feature:products:extractReleaseAnnotations
> Task :feature:purchases:bundleLibCompileToJarRelease
> Task :feature:products:mergeReleaseGeneratedProguardFiles UP-TO-DATE
> Task :feature:products:mergeReleaseConsumerProguardFiles UP-TO-DATE
> Task :feature:purchases:bundleLibRuntimeToJarRelease
> Task :feature:customers:syncReleaseLibJars
> Task :feature:sales:createFullJarRelease
> Task :feature:products:mergeReleaseJavaResource
> Task :feature:customers:bundleReleaseLocalLintAar
> Task :feature:purchases:createFullJarRelease
> Task :feature:purchases:mergeReleaseGeneratedProguardFiles UP-TO-DATE
> Task :feature:purchases:mergeReleaseConsumerProguardFiles UP-TO-DATE
> Task :feature:purchases:mergeReleaseJavaResource UP-TO-DATE
> Task :feature:sales:extractReleaseAnnotations
> Task :feature:sales:mergeReleaseGeneratedProguardFiles UP-TO-DATE
> Task :feature:sales:mergeReleaseConsumerProguardFiles UP-TO-DATE
> Task :feature:sales:mergeReleaseJavaResource UP-TO-DATE
> Task :feature:payments:extractReleaseAnnotations
> Task :feature:payments:mergeReleaseGeneratedProguardFiles UP-TO-DATE
> Task :feature:payments:mergeReleaseConsumerProguardFiles UP-TO-DATE
> Task :feature:payments:mergeReleaseJavaResource UP-TO-DATE
> Task :feature:dashboard:compileReleaseJavaWithJavac UP-TO-DATE
> Task :feature:finance:extractReleaseAnnotations
> Task :feature:finance:mergeReleaseGeneratedProguardFiles UP-TO-DATE
> Task :feature:finance:mergeReleaseConsumerProguardFiles UP-TO-DATE
> Task :feature:finance:mergeReleaseJavaResource UP-TO-DATE
> Task :feature:products:syncReleaseLibJars
> Task :feature:products:bundleReleaseLocalLintAar
> Task :feature:purchases:syncReleaseLibJars
> Task :feature:dashboard:processReleaseJavaRes UP-TO-DATE
> Task :feature:finance:syncReleaseLibJars
> Task :feature:purchases:bundleReleaseLocalLintAar
> Task :feature:payments:syncReleaseLibJars
> Task :feature:dashboard:transformReleaseClassesWithAsm
> Task :feature:finance:bundleReleaseLocalLintAar
> Task :feature:reports:compileReleaseKotlin
> Task :core:designsystem:extractReleaseAnnotations
> Task :core:designsystem:mergeReleaseGeneratedProguardFiles UP-TO-DATE
> Task :core:designsystem:mergeReleaseConsumerProguardFiles UP-TO-DATE
> Task :core:designsystem:mergeReleaseJavaResource
> Task :feature:payments:bundleReleaseLocalLintAar
> Task :feature:dashboard:generateReleaseLintModel
> Task :feature:sales:syncReleaseLibJars
> Task :feature:auth:generateReleaseLintVitalModel
> Task :feature:sales:bundleReleaseLocalLintAar
> Task :feature:customers:generateReleaseLintVitalModel
> Task :feature:dashboard:bundleLibRuntimeToJarRelease
> Task :feature:dashboard:bundleLibCompileToJarRelease
> Task :feature:dashboard:extractReleaseAnnotations
> Task :feature:dashboard:createFullJarRelease
> Task :feature:dashboard:mergeReleaseGeneratedProguardFiles UP-TO-DATE
> Task :feature:dashboard:mergeReleaseConsumerProguardFiles UP-TO-DATE
> Task :feature:dashboard:mergeReleaseJavaResource UP-TO-DATE
> Task :feature:finance:generateReleaseLintVitalModel
> Task :feature:payments:generateReleaseLintVitalModel
> Task :feature:dashboard:syncReleaseLibJars
> Task :feature:products:generateReleaseLintVitalModel
> Task :feature:auth:exportReleaseConsumerProguardFiles UP-TO-DATE
> Task :core:designsystem:syncReleaseLibJars
> Task :feature:products:exportReleaseConsumerProguardFiles UP-TO-DATE
> Task :feature:dashboard:bundleReleaseLocalLintAar
> Task :feature:purchases:generateReleaseLintVitalModel
> Task :feature:sales:generateReleaseLintVitalModel
> Task :feature:customers:exportReleaseConsumerProguardFiles UP-TO-DATE
> Task :core:designsystem:bundleReleaseLocalLintAar
> Task :feature:dashboard:generateReleaseLintVitalModel
> Task :feature:purchases:exportReleaseConsumerProguardFiles UP-TO-DATE
> Task :feature:sales:exportReleaseConsumerProguardFiles UP-TO-DATE
> Task :feature:payments:exportReleaseConsumerProguardFiles UP-TO-DATE
> Task :feature:auth:bundleReleaseAar UP-TO-DATE
> Task :feature:auth:assembleRelease UP-TO-DATE
> Task :core:designsystem:generateReleaseLintVitalModel
> Task :feature:customers:bundleReleaseAar
> Task :feature:customers:assembleRelease
> Task :core:designsystem:exportReleaseConsumerProguardFiles UP-TO-DATE
> Task :feature:payments:bundleReleaseAar
> Task :feature:payments:assembleRelease
> Task :core:designsystem:bundleReleaseAar
> Task :feature:products:bundleReleaseAar
> Task :feature:dashboard:exportReleaseConsumerProguardFiles UP-TO-DATE
> Task :core:designsystem:assembleRelease
> Task :feature:purchases:bundleReleaseAar
> Task :feature:products:assembleRelease
> Task :feature:purchases:assembleRelease
> Task :feature:dashboard:bundleReleaseAar
> Task :feature:dashboard:assembleRelease
> Task :feature:finance:exportReleaseConsumerProguardFiles UP-TO-DATE
> Task :feature:finance:bundleReleaseAar
> Task :feature:finance:assembleRelease
> Task :feature:sales:bundleReleaseAar
> Task :feature:sales:assembleRelease
> Task :feature:reports:compileReleaseJavaWithJavac
> Task :feature:reports:processReleaseJavaRes UP-TO-DATE
> Task :feature:reports:generateReleaseLintModel
> Task :feature:reports:transformReleaseClassesWithAsm
> Task :feature:reports:extractReleaseAnnotations
> Task :feature:reports:mergeReleaseGeneratedProguardFiles UP-TO-DATE
> Task :feature:reports:mergeReleaseConsumerProguardFiles UP-TO-DATE
> Task :feature:reports:bundleLibCompileToJarRelease
> Task :feature:reports:mergeReleaseJavaResource UP-TO-DATE
> Task :feature:reports:bundleLibRuntimeToJarRelease
> Task :feature:reports:syncReleaseLibJars
> Task :feature:reports:createFullJarRelease
> Task :feature:reports:bundleReleaseLocalLintAar
> Task :feature:reports:generateReleaseLintVitalModel
> Task :feature:reports:exportReleaseConsumerProguardFiles UP-TO-DATE
> Task :feature:reports:bundleReleaseAar
> Task :feature:reports:assembleRelease
> Task :feature:settings:kspReleaseKotlin
> Task :feature:settings:compileReleaseKotlin
> Task :feature:settings:compileReleaseJavaWithJavac UP-TO-DATE
> Task :feature:agent:compileReleaseKotlin
> Task :feature:settings:processReleaseJavaRes UP-TO-DATE
> Task :feature:settings:transformReleaseClassesWithAsm
> Task :feature:settings:generateReleaseLintModel
> Task :feature:settings:bundleLibCompileToJarRelease UP-TO-DATE
> Task :feature:settings:bundleLibRuntimeToJarRelease UP-TO-DATE
> Task :feature:settings:createFullJarRelease UP-TO-DATE
> Task :feature:settings:extractReleaseAnnotations
> Task :feature:settings:mergeReleaseGeneratedProguardFiles UP-TO-DATE
> Task :feature:settings:mergeReleaseConsumerProguardFiles UP-TO-DATE
> Task :feature:settings:mergeReleaseJavaResource UP-TO-DATE
> Task :feature:settings:syncReleaseLibJars UP-TO-DATE
> Task :feature:settings:bundleReleaseLocalLintAar UP-TO-DATE
> Task :feature:agent:compileReleaseJavaWithJavac UP-TO-DATE
> Task :feature:agent:processReleaseJavaRes UP-TO-DATE
> Task :feature:settings:generateReleaseLintVitalModel
> Task :feature:settings:exportReleaseConsumerProguardFiles UP-TO-DATE
> Task :feature:settings:bundleReleaseAar UP-TO-DATE
> Task :feature:settings:assembleRelease UP-TO-DATE
> Task :feature:agent:generateReleaseLintModel
> Task :feature:agent:extractReleaseAnnotations
> Task :feature:agent:mergeReleaseJavaResource UP-TO-DATE
> Task :feature:agent:generateReleaseLintVitalModel
> Task :feature:agent:transformReleaseClassesWithAsm
> Task :feature:agent:mergeReleaseGeneratedProguardFiles UP-TO-DATE
> Task :feature:agent:mergeReleaseConsumerProguardFiles UP-TO-DATE
> Task :feature:agent:bundleLibRuntimeToJarRelease
> Task :feature:agent:bundleLibCompileToJarRelease
> Task :feature:agent:syncReleaseLibJars
> Task :feature:agent:createFullJarRelease
> Task :feature:agent:bundleReleaseLocalLintAar
> Task :feature:agent:exportReleaseConsumerProguardFiles UP-TO-DATE
> Task :feature:agent:bundleReleaseAar
> Task :feature:agent:assembleRelease
> Task :feature:suppliers:kspReleaseKotlin
> Task :feature:suppliers:compileReleaseKotlin
> Task :feature:suppliers:compileReleaseJavaWithJavac UP-TO-DATE
> Task :feature:suppliers:processReleaseJavaRes UP-TO-DATE
> Task :feature:suppliers:generateReleaseLintModel
> Task :feature:suppliers:extractReleaseAnnotations
> Task :feature:suppliers:mergeReleaseJavaResource UP-TO-DATE
> Task :feature:suppliers:transformReleaseClassesWithAsm
> Task :feature:suppliers:generateReleaseLintVitalModel
> Task :feature:suppliers:mergeReleaseGeneratedProguardFiles UP-TO-DATE
> Task :feature:suppliers:mergeReleaseConsumerProguardFiles UP-TO-DATE
> Task :feature:suppliers:bundleLibCompileToJarRelease
> Task :feature:suppliers:bundleLibRuntimeToJarRelease
> Task :feature:suppliers:syncReleaseLibJars
> Task :feature:suppliers:createFullJarRelease
> Task :feature:suppliers:bundleReleaseLocalLintAar
> Task :feature:suppliers:exportReleaseConsumerProguardFiles UP-TO-DATE
> Task :feature:suppliers:bundleReleaseAar
> Task :feature:suppliers:assembleRelease
> Task :app:kspReleaseKotlin
> Task :feature:finance:lintVitalAnalyzeRelease
> Task :feature:dashboard:lintVitalAnalyzeRelease
> Task :app:compileReleaseKotlin
> Task :app:compileReleaseJavaWithJavac UP-TO-DATE
> Task :app:hiltAggregateDepsRelease UP-TO-DATE
> Task :core:designsystem:lintVitalAnalyzeRelease
> Task :feature:auth:lintVitalAnalyzeRelease
> Task :app:hiltJavaCompileRelease
> Task :app:generateReleaseLintVitalReportModel
> Task :app:processReleaseJavaRes
> Task :app:transformReleaseClassesWithAsm
> Task :app:mergeReleaseGeneratedProguardFiles UP-TO-DATE
> Task :feature:customers:lintVitalAnalyzeRelease
> Task :feature:agent:lintVitalAnalyzeRelease
> Task :feature:payments:lintVitalAnalyzeRelease
> Task :app:mergeReleaseJavaResource
> Task :app:expandReleaseArtProfileWildcards
> Task :feature:products:lintVitalAnalyzeRelease
> Task :feature:purchases:lintVitalAnalyzeRelease
> Task :feature:reports:lintVitalAnalyzeRelease
> Task :feature:settings:lintVitalAnalyzeRelease
> Task :feature:suppliers:lintVitalAnalyzeRelease
> Task :feature:sales:lintVitalAnalyzeRelease
> Task :app:minifyReleaseWithR8
> Task :app:lintVitalAnalyzeRelease
> Task :app:compileReleaseArtProfile
> Task :app:shrinkReleaseRes
> Task :app:optimizeReleaseResources UP-TO-DATE
> Task :app:packageRelease
> Task :app:createReleaseApkListingFileRedirect UP-TO-DATE
> Task :app:lintVitalReportRelease UP-TO-DATE
> Task :app:lintVitalRelease
> Task :app:assembleRelease

BUILD SUCCESSFUL in 1m 34s
1207 actionable tasks: 174 executed, 1033 up-to-date
