WARNING: We recommend using a newer Android Gradle plugin to use compileSdk = 35

This Android Gradle plugin (8.5.2) was tested up to compileSdk = 34.

You are strongly encouraged to update your project to use a newer
Android Gradle plugin that has been tested with compileSdk = 35.

If you are already using the latest version of the Android Gradle plugin,
you may need to wait until a newer version with support for compileSdk = 35 is available.

For more information refer to the compatibility table:
https://d.android.com/r/tools/api-level-support

To suppress this warning, add/update
    android.suppressUnsupportedCompileSdk=35
to this project's gradle.properties.
> Task :data:auth:preBuild UP-TO-DATE
> Task :core:designsystem:preBuild UP-TO-DATE
> Task :data:auth:preDebugBuild UP-TO-DATE
> Task :backdrop:preBuild UP-TO-DATE
> Task :core:model:preBuild UP-TO-DATE
> Task :core:database:preBuild UP-TO-DATE
> Task :data:agent:preBuild UP-TO-DATE
> Task :core:datastore:preBuild UP-TO-DATE
> Task :core:network:preBuild UP-TO-DATE
> Task :core:common:preBuild UP-TO-DATE
> Task :data:agent:preDebugBuild UP-TO-DATE
> Task :core:common:preDebugBuild UP-TO-DATE
> Task :core:model:preDebugBuild UP-TO-DATE
> Task :core:designsystem:preDebugBuild UP-TO-DATE
> Task :core:database:preDebugBuild UP-TO-DATE
> Task :core:datastore:preDebugBuild UP-TO-DATE
> Task :backdrop:preDebugBuild UP-TO-DATE
> Task :core:network:preDebugBuild UP-TO-DATE
> Task :core:designsystem:writeDebugAarMetadata UP-TO-DATE
> Task :data:auth:writeDebugAarMetadata UP-TO-DATE
> Task :core:model:writeDebugAarMetadata UP-TO-DATE
> Task :data:agent:writeDebugAarMetadata UP-TO-DATE
> Task :core:datastore:writeDebugAarMetadata UP-TO-DATE
> Task :core:common:writeDebugAarMetadata UP-TO-DATE
> Task :backdrop:writeDebugAarMetadata UP-TO-DATE
> Task :core:database:writeDebugAarMetadata UP-TO-DATE
> Task :core:network:writeDebugAarMetadata UP-TO-DATE
> Task :data:finance:preBuild UP-TO-DATE
> Task :data:finance:preDebugBuild UP-TO-DATE
> Task :data:finance:writeDebugAarMetadata UP-TO-DATE
> Task :data:customer:preBuild UP-TO-DATE
> Task :data:supplier:preBuild UP-TO-DATE
> Task :data:product:preBuild UP-TO-DATE
> Task :data:report:preBuild UP-TO-DATE
> Task :data:customer:preDebugBuild UP-TO-DATE
> Task :feature:agent:preBuild UP-TO-DATE
> Task :data:sync:preBuild UP-TO-DATE
> Task :data:order:preBuild UP-TO-DATE
> Task :data:product:preDebugBuild UP-TO-DATE
> Task :data:supplier:preDebugBuild UP-TO-DATE
> Task :feature:agent:preDebugBuild UP-TO-DATE
> Task :data:report:preDebugBuild UP-TO-DATE
> Task :data:sync:preDebugBuild UP-TO-DATE
> Task :data:order:preDebugBuild UP-TO-DATE
> Task :data:product:writeDebugAarMetadata UP-TO-DATE
> Task :data:customer:writeDebugAarMetadata UP-TO-DATE
> Task :feature:auth:preBuild UP-TO-DATE
> Task :feature:customers:preBuild UP-TO-DATE
> Task :data:supplier:writeDebugAarMetadata UP-TO-DATE
> Task :data:sync:writeDebugAarMetadata UP-TO-DATE
> Task :data:report:writeDebugAarMetadata UP-TO-DATE
> Task :feature:customers:preDebugBuild UP-TO-DATE
> Task :feature:auth:preDebugBuild UP-TO-DATE
> Task :data:order:writeDebugAarMetadata UP-TO-DATE
> Task :feature:dashboard:preBuild UP-TO-DATE
> Task :feature:dashboard:preDebugBuild UP-TO-DATE
> Task :feature:agent:writeDebugAarMetadata UP-TO-DATE
> Task :feature:finance:preBuild UP-TO-DATE
> Task :feature:finance:preDebugBuild UP-TO-DATE
> Task :feature:payments:preBuild UP-TO-DATE
> Task :feature:customers:writeDebugAarMetadata UP-TO-DATE
> Task :feature:purchases:preBuild UP-TO-DATE
> Task :feature:payments:preDebugBuild UP-TO-DATE
> Task :feature:dashboard:writeDebugAarMetadata UP-TO-DATE
> Task :feature:reports:preBuild UP-TO-DATE
> Task :feature:products:preBuild UP-TO-DATE
> Task :feature:auth:writeDebugAarMetadata UP-TO-DATE
> Task :feature:sales:preBuild UP-TO-DATE
> Task :app:preBuild UP-TO-DATE
> Task :feature:payments:writeDebugAarMetadata UP-TO-DATE
> Task :feature:finance:writeDebugAarMetadata UP-TO-DATE
> Task :app:preDebugBuild UP-TO-DATE
> Task :feature:products:preDebugBuild UP-TO-DATE
> Task :feature:suppliers:preBuild UP-TO-DATE
> Task :backdrop:generateDebugResValues UP-TO-DATE
> Task :feature:purchases:preDebugBuild UP-TO-DATE
> Task :feature:sales:preDebugBuild UP-TO-DATE
> Task :feature:purchases:writeDebugAarMetadata UP-TO-DATE
> Task :feature:reports:preDebugBuild UP-TO-DATE
> Task :feature:suppliers:preDebugBuild UP-TO-DATE
> Task :core:database:generateDebugResValues UP-TO-DATE
> Task :backdrop:generateDebugResources UP-TO-DATE
> Task :feature:products:writeDebugAarMetadata UP-TO-DATE
> Task :core:common:generateDebugResValues UP-TO-DATE
> Task :app:mergeDebugNativeDebugMetadata NO-SOURCE
> Task :feature:sales:writeDebugAarMetadata UP-TO-DATE
> Task :feature:reports:writeDebugAarMetadata UP-TO-DATE
> Task :feature:settings:preBuild UP-TO-DATE
> Task :core:datastore:generateDebugResValues UP-TO-DATE
> Task :feature:suppliers:writeDebugAarMetadata UP-TO-DATE
> Task :app:checkKotlinGradlePluginConfigurationErrors SKIPPED
> Task :core:datastore:generateDebugResources UP-TO-DATE
> Task :core:database:generateDebugResources UP-TO-DATE
> Task :data:agent:generateDebugResValues UP-TO-DATE
> Task :core:model:generateDebugResValues UP-TO-DATE
> Task :core:network:generateDebugResValues UP-TO-DATE
> Task :core:designsystem:generateDebugResValues UP-TO-DATE
> Task :data:agent:generateDebugResources UP-TO-DATE
> Task :feature:settings:preDebugBuild UP-TO-DATE
> Task :core:datastore:packageDebugResources UP-TO-DATE
> Task :backdrop:packageDebugResources UP-TO-DATE
> Task :core:common:generateDebugResources UP-TO-DATE
> Task :core:model:generateDebugResources UP-TO-DATE
> Task :core:designsystem:generateDebugResources UP-TO-DATE
> Task :feature:settings:writeDebugAarMetadata UP-TO-DATE
> Task :core:network:generateDebugResources UP-TO-DATE
> Task :data:auth:generateDebugResValues UP-TO-DATE
> Task :data:customer:generateDebugResValues UP-TO-DATE
> Task :data:finance:generateDebugResValues UP-TO-DATE
> Task :core:database:packageDebugResources UP-TO-DATE
> Task :core:common:packageDebugResources UP-TO-DATE
> Task :app:generateDebugBuildConfig UP-TO-DATE
> Task :data:auth:generateDebugResources UP-TO-DATE
> Task :core:designsystem:packageDebugResources UP-TO-DATE
> Task :data:order:generateDebugResValues UP-TO-DATE
> Task :data:agent:packageDebugResources UP-TO-DATE
> Task :data:finance:generateDebugResources UP-TO-DATE
> Task :core:model:packageDebugResources UP-TO-DATE
> Task :data:customer:generateDebugResources UP-TO-DATE
> Task :data:product:generateDebugResValues UP-TO-DATE
> Task :core:network:packageDebugResources UP-TO-DATE
> Task :data:order:generateDebugResources UP-TO-DATE
> Task :data:supplier:generateDebugResValues UP-TO-DATE
> Task :data:supplier:generateDebugResources UP-TO-DATE
> Task :data:sync:generateDebugResValues UP-TO-DATE
> Task :data:report:generateDebugResValues UP-TO-DATE
> Task :feature:agent:generateDebugResValues UP-TO-DATE
> Task :data:product:generateDebugResources UP-TO-DATE
> Task :data:sync:generateDebugResources UP-TO-DATE
> Task :data:customer:packageDebugResources UP-TO-DATE
> Task :data:order:packageDebugResources UP-TO-DATE
> Task :data:auth:packageDebugResources UP-TO-DATE
> Task :data:supplier:packageDebugResources UP-TO-DATE
> Task :data:report:generateDebugResources UP-TO-DATE
> Task :feature:agent:generateDebugResources UP-TO-DATE
> Task :data:finance:packageDebugResources UP-TO-DATE
> Task :feature:customers:generateDebugResValues UP-TO-DATE
> Task :data:sync:packageDebugResources UP-TO-DATE
> Task :feature:finance:generateDebugResValues UP-TO-DATE
> Task :feature:payments:generateDebugResValues UP-TO-DATE
> Task :feature:customers:generateDebugResources UP-TO-DATE
> Task :feature:finance:generateDebugResources UP-TO-DATE
> Task :feature:auth:generateDebugResValues UP-TO-DATE
> Task :feature:customers:packageDebugResources UP-TO-DATE
> Task :feature:agent:packageDebugResources UP-TO-DATE
> Task :feature:finance:packageDebugResources UP-TO-DATE
> Task :feature:auth:generateDebugResources UP-TO-DATE
> Task :data:product:packageDebugResources UP-TO-DATE
> Task :feature:purchases:generateDebugResValues UP-TO-DATE
> Task :data:report:packageDebugResources UP-TO-DATE
> Task :feature:payments:generateDebugResources UP-TO-DATE
> Task :feature:reports:generateDebugResValues UP-TO-DATE
> Task :feature:dashboard:generateDebugResValues UP-TO-DATE
> Task :feature:sales:generateDebugResValues UP-TO-DATE
> Task :feature:settings:generateDebugResValues UP-TO-DATE
> Task :feature:purchases:generateDebugResources UP-TO-DATE
> Task :feature:products:generateDebugResValues UP-TO-DATE
> Task :feature:settings:generateDebugResources UP-TO-DATE
> Task :feature:auth:packageDebugResources UP-TO-DATE
> Task :feature:dashboard:generateDebugResources UP-TO-DATE
> Task :feature:suppliers:generateDebugResValues UP-TO-DATE
> Task :backdrop:extractDeepLinksDebug UP-TO-DATE
> Task :feature:purchases:packageDebugResources UP-TO-DATE
> Task :feature:suppliers:generateDebugResources UP-TO-DATE
> Task :feature:reports:generateDebugResources UP-TO-DATE
> Task :feature:sales:generateDebugResources UP-TO-DATE
> Task :feature:reports:packageDebugResources UP-TO-DATE
> Task :feature:payments:packageDebugResources UP-TO-DATE
> Task :core:common:extractDeepLinksDebug UP-TO-DATE
> Task :feature:suppliers:packageDebugResources UP-TO-DATE
> Task :core:common:processDebugManifest UP-TO-DATE
> Task :core:database:extractDeepLinksDebug UP-TO-DATE
> Task :backdrop:processDebugManifest UP-TO-DATE
> Task :feature:sales:packageDebugResources UP-TO-DATE
> Task :feature:products:generateDebugResources UP-TO-DATE
> Task :feature:dashboard:packageDebugResources UP-TO-DATE
> Task :core:datastore:extractDeepLinksDebug UP-TO-DATE
> Task :core:designsystem:extractDeepLinksDebug UP-TO-DATE
> Task :core:model:extractDeepLinksDebug UP-TO-DATE
> Task :feature:settings:packageDebugResources UP-TO-DATE
> Task :core:network:extractDeepLinksDebug UP-TO-DATE
> Task :core:designsystem:processDebugManifest UP-TO-DATE
> Task :core:database:processDebugManifest UP-TO-DATE
> Task :core:datastore:processDebugManifest UP-TO-DATE
> Task :core:model:processDebugManifest UP-TO-DATE
> Task :data:agent:extractDeepLinksDebug UP-TO-DATE
> Task :data:auth:extractDeepLinksDebug UP-TO-DATE
> Task :data:customer:extractDeepLinksDebug UP-TO-DATE
> Task :feature:products:packageDebugResources UP-TO-DATE
> Task :data:finance:extractDeepLinksDebug UP-TO-DATE
> Task :core:network:processDebugManifest UP-TO-DATE
> Task :data:product:extractDeepLinksDebug UP-TO-DATE
> Task :data:order:extractDeepLinksDebug UP-TO-DATE
> Task :data:report:extractDeepLinksDebug UP-TO-DATE
> Task :data:finance:processDebugManifest UP-TO-DATE
> Task :data:product:processDebugManifest UP-TO-DATE
> Task :data:supplier:extractDeepLinksDebug UP-TO-DATE
> Task :data:sync:extractDeepLinksDebug UP-TO-DATE
> Task :data:order:processDebugManifest UP-TO-DATE
> Task :data:report:processDebugManifest UP-TO-DATE
> Task :feature:agent:extractDeepLinksDebug UP-TO-DATE
> Task :data:sync:processDebugManifest UP-TO-DATE
> Task :data:auth:processDebugManifest UP-TO-DATE
> Task :feature:agent:processDebugManifest UP-TO-DATE
> Task :data:supplier:processDebugManifest UP-TO-DATE
> Task :data:agent:processDebugManifest UP-TO-DATE
> Task :feature:customers:extractDeepLinksDebug UP-TO-DATE
> Task :data:customer:processDebugManifest UP-TO-DATE
> Task :feature:auth:extractDeepLinksDebug UP-TO-DATE
> Task :feature:dashboard:extractDeepLinksDebug UP-TO-DATE
> Task :feature:customers:processDebugManifest UP-TO-DATE
> Task :feature:payments:extractDeepLinksDebug UP-TO-DATE
> Task :feature:purchases:extractDeepLinksDebug UP-TO-DATE
> Task :feature:dashboard:processDebugManifest UP-TO-DATE
> Task :feature:finance:extractDeepLinksDebug UP-TO-DATE
> Task :feature:auth:processDebugManifest UP-TO-DATE
> Task :feature:products:extractDeepLinksDebug UP-TO-DATE
> Task :feature:sales:extractDeepLinksDebug UP-TO-DATE
> Task :feature:suppliers:extractDeepLinksDebug UP-TO-DATE
> Task :feature:finance:processDebugManifest UP-TO-DATE
> Task :feature:purchases:processDebugManifest UP-TO-DATE
> Task :backdrop:compileDebugLibraryResources UP-TO-DATE
> Task :feature:payments:processDebugManifest UP-TO-DATE
> Task :feature:reports:extractDeepLinksDebug UP-TO-DATE
> Task :feature:settings:extractDeepLinksDebug UP-TO-DATE
> Task :feature:suppliers:processDebugManifest UP-TO-DATE
> Task :feature:products:processDebugManifest UP-TO-DATE
> Task :core:database:compileDebugLibraryResources UP-TO-DATE
> Task :feature:reports:processDebugManifest UP-TO-DATE
> Task :core:datastore:compileDebugLibraryResources UP-TO-DATE
> Task :core:common:compileDebugLibraryResources UP-TO-DATE
> Task :core:designsystem:compileDebugLibraryResources UP-TO-DATE
> Task :feature:sales:processDebugManifest UP-TO-DATE
> Task :core:model:compileDebugLibraryResources UP-TO-DATE
> Task :feature:settings:processDebugManifest UP-TO-DATE
> Task :core:network:compileDebugLibraryResources UP-TO-DATE
> Task :data:agent:compileDebugLibraryResources UP-TO-DATE
> Task :backdrop:parseDebugLocalResources UP-TO-DATE
> Task :data:auth:compileDebugLibraryResources UP-TO-DATE
> Task :backdrop:generateDebugRFile UP-TO-DATE
> Task :data:customer:compileDebugLibraryResources UP-TO-DATE
> Task :core:model:parseDebugLocalResources UP-TO-DATE
> Task :core:common:parseDebugLocalResources UP-TO-DATE
> Task :data:customer:parseDebugLocalResources UP-TO-DATE
> Task :core:database:parseDebugLocalResources UP-TO-DATE
> Task :core:model:generateDebugRFile UP-TO-DATE
> Task :core:common:generateDebugRFile UP-TO-DATE
> Task :data:customer:generateDebugRFile UP-TO-DATE
> Task :core:database:generateDebugRFile UP-TO-DATE
> Task :data:order:compileDebugLibraryResources UP-TO-DATE
> Task :core:designsystem:parseDebugLocalResources UP-TO-DATE
> Task :data:finance:compileDebugLibraryResources UP-TO-DATE
> Task :data:product:compileDebugLibraryResources UP-TO-DATE
> Task :data:report:compileDebugLibraryResources UP-TO-DATE
> Task :core:designsystem:generateDebugRFile UP-TO-DATE
> Task :data:supplier:compileDebugLibraryResources UP-TO-DATE
> Task :core:datastore:parseDebugLocalResources UP-TO-DATE
> Task :data:auth:parseDebugLocalResources UP-TO-DATE
> Task :data:supplier:parseDebugLocalResources UP-TO-DATE
> Task :data:auth:generateDebugRFile UP-TO-DATE
> Task :core:datastore:generateDebugRFile UP-TO-DATE
> Task :core:network:parseDebugLocalResources UP-TO-DATE
> Task :data:supplier:generateDebugRFile UP-TO-DATE
> Task :feature:agent:compileDebugLibraryResources UP-TO-DATE
> Task :data:finance:parseDebugLocalResources UP-TO-DATE
> Task :data:sync:compileDebugLibraryResources UP-TO-DATE
> Task :feature:auth:compileDebugLibraryResources UP-TO-DATE
> Task :feature:agent:parseDebugLocalResources UP-TO-DATE
> Task :core:network:generateDebugRFile UP-TO-DATE
> Task :data:report:parseDebugLocalResources UP-TO-DATE
> Task :data:finance:generateDebugRFile UP-TO-DATE
> Task :data:order:parseDebugLocalResources UP-TO-DATE
> Task :data:product:parseDebugLocalResources UP-TO-DATE
> Task :data:agent:parseDebugLocalResources UP-TO-DATE
> Task :feature:agent:generateDebugRFile UP-TO-DATE
> Task :feature:auth:parseDebugLocalResources UP-TO-DATE
> Task :feature:customers:compileDebugLibraryResources UP-TO-DATE
> Task :feature:dashboard:compileDebugLibraryResources UP-TO-DATE
> Task :data:order:generateDebugRFile UP-TO-DATE
> Task :data:product:generateDebugRFile UP-TO-DATE
> Task :data:agent:generateDebugRFile UP-TO-DATE
> Task :data:report:generateDebugRFile UP-TO-DATE
> Task :feature:finance:compileDebugLibraryResources UP-TO-DATE
> Task :feature:customers:parseDebugLocalResources UP-TO-DATE
> Task :feature:auth:generateDebugRFile UP-TO-DATE
> Task :feature:products:compileDebugLibraryResources UP-TO-DATE
> Task :data:sync:parseDebugLocalResources UP-TO-DATE
> Task :feature:payments:compileDebugLibraryResources UP-TO-DATE
> Task :feature:purchases:compileDebugLibraryResources UP-TO-DATE
> Task :feature:dashboard:parseDebugLocalResources UP-TO-DATE
> Task :data:sync:generateDebugRFile UP-TO-DATE
> Task :feature:finance:parseDebugLocalResources UP-TO-DATE
> Task :feature:dashboard:generateDebugRFile UP-TO-DATE
> Task :feature:reports:compileDebugLibraryResources UP-TO-DATE
> Task :feature:sales:compileDebugLibraryResources UP-TO-DATE
> Task :feature:settings:compileDebugLibraryResources UP-TO-DATE
> Task :feature:products:parseDebugLocalResources UP-TO-DATE
> Task :feature:customers:generateDebugRFile UP-TO-DATE
> Task :feature:purchases:parseDebugLocalResources UP-TO-DATE
> Task :feature:suppliers:compileDebugLibraryResources UP-TO-DATE
> Task :feature:finance:generateDebugRFile UP-TO-DATE
> Task :core:common:checkKotlinGradlePluginConfigurationErrors SKIPPED
> Task :feature:reports:parseDebugLocalResources UP-TO-DATE
> Task :core:model:checkKotlinGradlePluginConfigurationErrors SKIPPED
> Task :feature:products:generateDebugRFile UP-TO-DATE
> Task :feature:payments:parseDebugLocalResources UP-TO-DATE
> Task :feature:purchases:generateDebugRFile UP-TO-DATE
> Task :feature:suppliers:parseDebugLocalResources UP-TO-DATE
> Task :core:database:checkKotlinGradlePluginConfigurationErrors SKIPPED
> Task :feature:sales:parseDebugLocalResources UP-TO-DATE
> Task :feature:settings:parseDebugLocalResources UP-TO-DATE
> Task :core:datastore:checkKotlinGradlePluginConfigurationErrors SKIPPED
> Task :feature:reports:generateDebugRFile UP-TO-DATE
> Task :feature:payments:generateDebugRFile UP-TO-DATE
> Task :core:common:javaPreCompileDebug UP-TO-DATE
> Task :backdrop:checkKotlinGradlePluginConfigurationErrors SKIPPED
> Task :core:designsystem:checkKotlinGradlePluginConfigurationErrors SKIPPED
> Task :feature:suppliers:generateDebugRFile UP-TO-DATE
> Task :feature:settings:generateDebugRFile UP-TO-DATE
> Task :feature:sales:generateDebugRFile UP-TO-DATE
> Task :core:designsystem:javaPreCompileDebug UP-TO-DATE
> Task :data:agent:checkKotlinGradlePluginConfigurationErrors SKIPPED
> Task :core:datastore:generateDebugBuildConfig UP-TO-DATE
> Task :data:auth:checkKotlinGradlePluginConfigurationErrors SKIPPED
> Task :data:customer:checkKotlinGradlePluginConfigurationErrors SKIPPED
> Task :core:network:checkKotlinGradlePluginConfigurationErrors SKIPPED
> Task :data:finance:checkKotlinGradlePluginConfigurationErrors SKIPPED
> Task :core:network:generateDebugBuildConfig UP-TO-DATE
> Task :data:customer:javaPreCompileDebug UP-TO-DATE
> Task :data:order:checkKotlinGradlePluginConfigurationErrors SKIPPED
> Task :data:finance:javaPreCompileDebug UP-TO-DATE
> Task :data:order:javaPreCompileDebug UP-TO-DATE
> Task :data:auth:javaPreCompileDebug UP-TO-DATE
> Task :data:product:checkKotlinGradlePluginConfigurationErrors SKIPPED
> Task :data:supplier:checkKotlinGradlePluginConfigurationErrors SKIPPED
> Task :data:report:checkKotlinGradlePluginConfigurationErrors SKIPPED
> Task :data:supplier:javaPreCompileDebug UP-TO-DATE
> Task :data:sync:checkKotlinGradlePluginConfigurationErrors SKIPPED
> Task :data:report:javaPreCompileDebug UP-TO-DATE
> Task :feature:agent:checkKotlinGradlePluginConfigurationErrors SKIPPED
> Task :data:sync:javaPreCompileDebug UP-TO-DATE
> Task :feature:auth:checkKotlinGradlePluginConfigurationErrors SKIPPED
> Task :data:product:javaPreCompileDebug UP-TO-DATE
> Task :feature:agent:javaPreCompileDebug UP-TO-DATE
> Task :feature:customers:checkKotlinGradlePluginConfigurationErrors SKIPPED
> Task :core:network:javaPreCompileDebug UP-TO-DATE
> Task :data:agent:javaPreCompileDebug UP-TO-DATE
> Task :feature:finance:checkKotlinGradlePluginConfigurationErrors SKIPPED
> Task :feature:dashboard:checkKotlinGradlePluginConfigurationErrors SKIPPED
> Task :feature:auth:javaPreCompileDebug UP-TO-DATE
> Task :feature:payments:checkKotlinGradlePluginConfigurationErrors SKIPPED
> Task :feature:products:checkKotlinGradlePluginConfigurationErrors SKIPPED
> Task :feature:customers:javaPreCompileDebug UP-TO-DATE
> Task :feature:purchases:checkKotlinGradlePluginConfigurationErrors SKIPPED
> Task :feature:dashboard:javaPreCompileDebug UP-TO-DATE
> Task :feature:finance:javaPreCompileDebug UP-TO-DATE
> Task :core:database:javaPreCompileDebug UP-TO-DATE
> Task :feature:settings:checkKotlinGradlePluginConfigurationErrors SKIPPED
> Task :feature:reports:checkKotlinGradlePluginConfigurationErrors SKIPPED
> Task :feature:sales:checkKotlinGradlePluginConfigurationErrors SKIPPED
> Task :feature:products:javaPreCompileDebug UP-TO-DATE
> Task :feature:suppliers:checkKotlinGradlePluginConfigurationErrors SKIPPED
> Task :feature:payments:javaPreCompileDebug UP-TO-DATE
> Task :feature:purchases:javaPreCompileDebug UP-TO-DATE
> Task :feature:suppliers:javaPreCompileDebug UP-TO-DATE
> Task :feature:sales:javaPreCompileDebug UP-TO-DATE
> Task :feature:settings:javaPreCompileDebug UP-TO-DATE
> Task :feature:reports:javaPreCompileDebug UP-TO-DATE
> Task :data:agent:mergeDebugShaders UP-TO-DATE
> Task :core:designsystem:mergeDebugShaders UP-TO-DATE
> Task :core:database:mergeDebugShaders UP-TO-DATE
> Task :data:auth:mergeDebugShaders UP-TO-DATE
> Task :core:network:mergeDebugShaders UP-TO-DATE
> Task :core:common:mergeDebugShaders UP-TO-DATE
> Task :data:agent:compileDebugShaders NO-SOURCE
> Task :data:agent:generateDebugAssets UP-TO-DATE
> Task :core:network:compileDebugShaders NO-SOURCE
> Task :core:network:generateDebugAssets UP-TO-DATE
> Task :core:designsystem:compileDebugShaders NO-SOURCE
> Task :core:designsystem:generateDebugAssets UP-TO-DATE
> Task :core:common:compileDebugShaders NO-SOURCE
> Task :core:common:generateDebugAssets UP-TO-DATE
> Task :data:auth:compileDebugShaders NO-SOURCE
> Task :core:database:compileDebugShaders NO-SOURCE
> Task :data:auth:generateDebugAssets UP-TO-DATE
> Task :core:database:generateDebugAssets UP-TO-DATE
> Task :data:agent:packageDebugAssets UP-TO-DATE
> Task :core:common:packageDebugAssets UP-TO-DATE
> Task :core:network:packageDebugAssets UP-TO-DATE
> Task :core:designsystem:packageDebugAssets UP-TO-DATE
> Task :data:auth:packageDebugAssets UP-TO-DATE
> Task :data:finance:mergeDebugShaders UP-TO-DATE
> Task :core:database:packageDebugAssets UP-TO-DATE
> Task :data:order:mergeDebugShaders UP-TO-DATE
> Task :data:customer:mergeDebugShaders UP-TO-DATE
> Task :data:product:mergeDebugShaders UP-TO-DATE
> Task :data:finance:compileDebugShaders NO-SOURCE
> Task :data:report:mergeDebugShaders UP-TO-DATE
> Task :data:finance:generateDebugAssets UP-TO-DATE
> Task :data:order:compileDebugShaders NO-SOURCE
> Task :data:order:generateDebugAssets UP-TO-DATE
> Task :data:supplier:mergeDebugShaders UP-TO-DATE
> Task :data:customer:compileDebugShaders NO-SOURCE
> Task :data:customer:generateDebugAssets UP-TO-DATE
> Task :data:product:compileDebugShaders NO-SOURCE
> Task :data:product:generateDebugAssets UP-TO-DATE
> Task :data:report:compileDebugShaders NO-SOURCE
> Task :data:report:generateDebugAssets UP-TO-DATE
> Task :data:supplier:compileDebugShaders NO-SOURCE
> Task :data:finance:packageDebugAssets UP-TO-DATE
> Task :data:order:packageDebugAssets UP-TO-DATE
> Task :data:customer:packageDebugAssets UP-TO-DATE
> Task :data:supplier:generateDebugAssets UP-TO-DATE
> Task :data:report:packageDebugAssets UP-TO-DATE
> Task :data:product:packageDebugAssets UP-TO-DATE
> Task :data:sync:mergeDebugShaders UP-TO-DATE
> Task :feature:customers:mergeDebugShaders UP-TO-DATE
> Task :feature:agent:mergeDebugShaders UP-TO-DATE
> Task :data:supplier:packageDebugAssets UP-TO-DATE
> Task :feature:auth:mergeDebugShaders UP-TO-DATE
> Task :feature:dashboard:mergeDebugShaders UP-TO-DATE
> Task :data:sync:compileDebugShaders NO-SOURCE
> Task :data:sync:generateDebugAssets UP-TO-DATE
> Task :feature:customers:compileDebugShaders NO-SOURCE
> Task :feature:agent:compileDebugShaders NO-SOURCE
> Task :feature:auth:compileDebugShaders NO-SOURCE
> Task :feature:auth:generateDebugAssets UP-TO-DATE
> Task :feature:dashboard:compileDebugShaders NO-SOURCE
> Task :feature:agent:generateDebugAssets UP-TO-DATE
> Task :feature:customers:generateDebugAssets UP-TO-DATE
> Task :feature:dashboard:generateDebugAssets UP-TO-DATE
> Task :data:sync:packageDebugAssets UP-TO-DATE
> Task :feature:customers:packageDebugAssets UP-TO-DATE
> Task :feature:agent:packageDebugAssets UP-TO-DATE
> Task :feature:payments:mergeDebugShaders UP-TO-DATE
> Task :feature:finance:mergeDebugShaders UP-TO-DATE
> Task :feature:dashboard:packageDebugAssets UP-TO-DATE
> Task :feature:auth:packageDebugAssets UP-TO-DATE
> Task :feature:products:mergeDebugShaders UP-TO-DATE
> Task :feature:purchases:mergeDebugShaders UP-TO-DATE
> Task :feature:payments:compileDebugShaders NO-SOURCE
> Task :feature:payments:generateDebugAssets UP-TO-DATE
> Task :feature:finance:compileDebugShaders NO-SOURCE
> Task :feature:finance:generateDebugAssets UP-TO-DATE
> Task :feature:reports:mergeDebugShaders UP-TO-DATE
> Task :feature:purchases:compileDebugShaders NO-SOURCE
> Task :feature:products:compileDebugShaders NO-SOURCE
> Task :feature:products:generateDebugAssets UP-TO-DATE
> Task :feature:sales:mergeDebugShaders UP-TO-DATE
> Task :feature:reports:compileDebugShaders NO-SOURCE
> Task :feature:reports:generateDebugAssets UP-TO-DATE
> Task :feature:purchases:generateDebugAssets UP-TO-DATE
> Task :feature:sales:compileDebugShaders NO-SOURCE
> Task :feature:sales:generateDebugAssets UP-TO-DATE
> Task :feature:products:packageDebugAssets UP-TO-DATE
> Task :feature:payments:packageDebugAssets UP-TO-DATE
> Task :feature:finance:packageDebugAssets UP-TO-DATE
> Task :feature:reports:packageDebugAssets UP-TO-DATE
> Task :feature:purchases:packageDebugAssets UP-TO-DATE
> Task :feature:settings:mergeDebugShaders UP-TO-DATE
> Task :feature:sales:packageDebugAssets UP-TO-DATE
> Task :feature:suppliers:mergeDebugShaders UP-TO-DATE
> Task :core:common:mergeDebugJniLibFolders UP-TO-DATE
> Task :core:database:mergeDebugJniLibFolders UP-TO-DATE
> Task :feature:settings:compileDebugShaders NO-SOURCE
> Task :feature:settings:generateDebugAssets UP-TO-DATE
> Task :core:database:mergeDebugNativeLibs NO-SOURCE
> Task :core:common:mergeDebugNativeLibs NO-SOURCE
> Task :core:designsystem:mergeDebugJniLibFolders UP-TO-DATE
> Task :feature:suppliers:compileDebugShaders NO-SOURCE
> Task :core:network:mergeDebugJniLibFolders UP-TO-DATE
> Task :feature:suppliers:generateDebugAssets UP-TO-DATE
> Task :feature:settings:packageDebugAssets UP-TO-DATE
> Task :core:common:copyDebugJniLibsProjectOnly UP-TO-DATE
> Task :core:database:copyDebugJniLibsProjectOnly UP-TO-DATE
> Task :core:network:mergeDebugNativeLibs NO-SOURCE
> Task :feature:suppliers:packageDebugAssets UP-TO-DATE
> Task :core:designsystem:mergeDebugNativeLibs NO-SOURCE
> Task :core:network:copyDebugJniLibsProjectOnly UP-TO-DATE
> Task :data:customer:mergeDebugJniLibFolders UP-TO-DATE
> Task :data:auth:mergeDebugJniLibFolders UP-TO-DATE
> Task :data:agent:mergeDebugJniLibFolders UP-TO-DATE
> Task :data:finance:mergeDebugJniLibFolders UP-TO-DATE
> Task :core:designsystem:copyDebugJniLibsProjectOnly UP-TO-DATE
> Task :data:customer:mergeDebugNativeLibs NO-SOURCE
> Task :data:order:mergeDebugJniLibFolders UP-TO-DATE
> Task :data:auth:mergeDebugNativeLibs NO-SOURCE
> Task :data:agent:mergeDebugNativeLibs NO-SOURCE
> Task :data:auth:copyDebugJniLibsProjectOnly UP-TO-DATE
> Task :data:finance:mergeDebugNativeLibs NO-SOURCE
> Task :data:order:mergeDebugNativeLibs NO-SOURCE
> Task :data:product:mergeDebugJniLibFolders UP-TO-DATE
> Task :data:customer:copyDebugJniLibsProjectOnly UP-TO-DATE
> Task :data:finance:copyDebugJniLibsProjectOnly UP-TO-DATE
> Task :data:order:copyDebugJniLibsProjectOnly UP-TO-DATE
> Task :data:agent:copyDebugJniLibsProjectOnly UP-TO-DATE
> Task :data:product:mergeDebugNativeLibs NO-SOURCE
> Task :data:report:mergeDebugJniLibFolders UP-TO-DATE
> Task :data:sync:mergeDebugJniLibFolders UP-TO-DATE
> Task :data:supplier:mergeDebugJniLibFolders UP-TO-DATE
> Task :data:report:mergeDebugNativeLibs NO-SOURCE
> Task :data:product:copyDebugJniLibsProjectOnly UP-TO-DATE
> Task :data:supplier:mergeDebugNativeLibs NO-SOURCE
> Task :data:report:copyDebugJniLibsProjectOnly UP-TO-DATE
> Task :feature:auth:mergeDebugJniLibFolders UP-TO-DATE
> Task :data:sync:mergeDebugNativeLibs NO-SOURCE
> Task :feature:agent:mergeDebugJniLibFolders UP-TO-DATE
> Task :feature:customers:mergeDebugJniLibFolders UP-TO-DATE
> Task :data:supplier:copyDebugJniLibsProjectOnly UP-TO-DATE
> Task :feature:dashboard:mergeDebugJniLibFolders UP-TO-DATE
> Task :feature:auth:mergeDebugNativeLibs NO-SOURCE
> Task :feature:customers:mergeDebugNativeLibs NO-SOURCE
> Task :data:sync:copyDebugJniLibsProjectOnly UP-TO-DATE
> Task :feature:finance:mergeDebugJniLibFolders UP-TO-DATE
> Task :feature:agent:mergeDebugNativeLibs NO-SOURCE
> Task :feature:dashboard:mergeDebugNativeLibs NO-SOURCE
> Task :feature:auth:copyDebugJniLibsProjectOnly UP-TO-DATE
> Task :feature:payments:mergeDebugJniLibFolders UP-TO-DATE
> Task :feature:customers:copyDebugJniLibsProjectOnly UP-TO-DATE
> Task :feature:agent:copyDebugJniLibsProjectOnly UP-TO-DATE
> Task :feature:finance:mergeDebugNativeLibs NO-SOURCE
> Task :feature:dashboard:copyDebugJniLibsProjectOnly UP-TO-DATE
> Task :feature:payments:mergeDebugNativeLibs NO-SOURCE
> Task :feature:finance:copyDebugJniLibsProjectOnly UP-TO-DATE
> Task :feature:reports:mergeDebugJniLibFolders UP-TO-DATE
> Task :feature:products:mergeDebugJniLibFolders UP-TO-DATE
> Task :feature:sales:mergeDebugJniLibFolders UP-TO-DATE
> Task :feature:purchases:mergeDebugJniLibFolders UP-TO-DATE
> Task :feature:sales:mergeDebugNativeLibs NO-SOURCE
> Task :feature:settings:mergeDebugJniLibFolders UP-TO-DATE
> Task :feature:payments:copyDebugJniLibsProjectOnly UP-TO-DATE
> Task :feature:reports:mergeDebugNativeLibs NO-SOURCE
> Task :feature:products:mergeDebugNativeLibs NO-SOURCE
> Task :feature:purchases:mergeDebugNativeLibs NO-SOURCE
> Task :feature:settings:mergeDebugNativeLibs NO-SOURCE
> Task :feature:sales:copyDebugJniLibsProjectOnly UP-TO-DATE
> Task :feature:products:copyDebugJniLibsProjectOnly UP-TO-DATE
> Task :feature:reports:copyDebugJniLibsProjectOnly UP-TO-DATE
> Task :feature:settings:copyDebugJniLibsProjectOnly UP-TO-DATE
> Task :core:common:stripDebugDebugSymbols NO-SOURCE
> Task :feature:suppliers:mergeDebugJniLibFolders UP-TO-DATE
> Task :core:database:stripDebugDebugSymbols NO-SOURCE
> Task :feature:purchases:copyDebugJniLibsProjectOnly UP-TO-DATE
> Task :core:designsystem:stripDebugDebugSymbols NO-SOURCE
> Task :feature:suppliers:mergeDebugNativeLibs NO-SOURCE
> Task :core:database:copyDebugJniLibsProjectAndLocalJars UP-TO-DATE
> Task :feature:suppliers:copyDebugJniLibsProjectOnly UP-TO-DATE
> Task :core:network:stripDebugDebugSymbols NO-SOURCE
> Task :data:agent:stripDebugDebugSymbols NO-SOURCE
> Task :core:common:copyDebugJniLibsProjectAndLocalJars UP-TO-DATE
> Task :core:common:extractDeepLinksForAarDebug UP-TO-DATE
> Task :core:database:extractDeepLinksForAarDebug UP-TO-DATE
> Task :core:designsystem:copyDebugJniLibsProjectAndLocalJars UP-TO-DATE
> Task :core:network:copyDebugJniLibsProjectAndLocalJars UP-TO-DATE
> Task :data:agent:copyDebugJniLibsProjectAndLocalJars UP-TO-DATE
> Task :data:auth:stripDebugDebugSymbols NO-SOURCE
> Task :core:designsystem:extractDeepLinksForAarDebug UP-TO-DATE
> Task :data:auth:copyDebugJniLibsProjectAndLocalJars UP-TO-DATE
> Task :core:network:extractDeepLinksForAarDebug UP-TO-DATE
> Task :data:agent:extractDeepLinksForAarDebug UP-TO-DATE
> Task :data:auth:extractDeepLinksForAarDebug UP-TO-DATE
> Task :core:common:prepareDebugArtProfile UP-TO-DATE
> Task :core:database:prepareDebugArtProfile UP-TO-DATE
> Task :core:network:prepareDebugArtProfile UP-TO-DATE
> Task :data:agent:prepareDebugArtProfile UP-TO-DATE
> Task :core:common:prepareLintJarForPublish UP-TO-DATE
> Task :core:designsystem:prepareDebugArtProfile UP-TO-DATE
> Task :core:database:prepareLintJarForPublish UP-TO-DATE
> Task :data:agent:prepareLintJarForPublish UP-TO-DATE
> Task :core:network:prepareLintJarForPublish UP-TO-DATE
> Task :data:auth:prepareDebugArtProfile UP-TO-DATE
> Task :data:customer:stripDebugDebugSymbols NO-SOURCE
> Task :data:order:stripDebugDebugSymbols NO-SOURCE
> Task :core:designsystem:prepareLintJarForPublish UP-TO-DATE
> Task :data:customer:copyDebugJniLibsProjectAndLocalJars UP-TO-DATE
> Task :data:product:stripDebugDebugSymbols NO-SOURCE
> Task :data:order:copyDebugJniLibsProjectAndLocalJars UP-TO-DATE
> Task :data:report:stripDebugDebugSymbols NO-SOURCE
> Task :data:report:copyDebugJniLibsProjectAndLocalJars UP-TO-DATE
> Task :data:finance:stripDebugDebugSymbols NO-SOURCE
> Task :data:customer:extractDeepLinksForAarDebug UP-TO-DATE
> Task :data:auth:prepareLintJarForPublish UP-TO-DATE
> Task :data:order:extractDeepLinksForAarDebug UP-TO-DATE
> Task :data:customer:prepareDebugArtProfile UP-TO-DATE
> Task :data:report:extractDeepLinksForAarDebug UP-TO-DATE
> Task :data:product:copyDebugJniLibsProjectAndLocalJars UP-TO-DATE
> Task :data:finance:copyDebugJniLibsProjectAndLocalJars UP-TO-DATE
> Task :data:customer:prepareLintJarForPublish UP-TO-DATE
> Task :data:order:prepareDebugArtProfile UP-TO-DATE
> Task :data:product:extractDeepLinksForAarDebug UP-TO-DATE
> Task :data:finance:extractDeepLinksForAarDebug UP-TO-DATE
> Task :data:supplier:stripDebugDebugSymbols NO-SOURCE
> Task :data:sync:stripDebugDebugSymbols NO-SOURCE
> Task :data:product:prepareDebugArtProfile UP-TO-DATE
> Task :data:report:prepareDebugArtProfile UP-TO-DATE
> Task :data:finance:prepareDebugArtProfile UP-TO-DATE
> Task :data:order:prepareLintJarForPublish UP-TO-DATE
> Task :data:sync:copyDebugJniLibsProjectAndLocalJars UP-TO-DATE
> Task :data:report:prepareLintJarForPublish UP-TO-DATE
> Task :feature:agent:stripDebugDebugSymbols NO-SOURCE
> Task :data:product:prepareLintJarForPublish UP-TO-DATE
> Task :feature:auth:stripDebugDebugSymbols NO-SOURCE
> Task :data:supplier:copyDebugJniLibsProjectAndLocalJars UP-TO-DATE
> Task :data:sync:extractDeepLinksForAarDebug UP-TO-DATE
> Task :feature:agent:copyDebugJniLibsProjectAndLocalJars UP-TO-DATE
> Task :feature:customers:stripDebugDebugSymbols NO-SOURCE
> Task :data:finance:prepareLintJarForPublish UP-TO-DATE
> Task :data:supplier:extractDeepLinksForAarDebug UP-TO-DATE
> Task :feature:agent:extractDeepLinksForAarDebug UP-TO-DATE
> Task :feature:auth:copyDebugJniLibsProjectAndLocalJars UP-TO-DATE
> Task :data:supplier:prepareDebugArtProfile UP-TO-DATE
> Task :feature:dashboard:stripDebugDebugSymbols NO-SOURCE
> Task :feature:customers:copyDebugJniLibsProjectAndLocalJars UP-TO-DATE
> Task :data:supplier:prepareLintJarForPublish UP-TO-DATE
> Task :data:sync:prepareDebugArtProfile UP-TO-DATE
> Task :feature:auth:extractDeepLinksForAarDebug UP-TO-DATE
> Task :feature:dashboard:copyDebugJniLibsProjectAndLocalJars UP-TO-DATE
> Task :feature:agent:prepareDebugArtProfile UP-TO-DATE
> Task :feature:customers:extractDeepLinksForAarDebug UP-TO-DATE
> Task :data:sync:prepareLintJarForPublish UP-TO-DATE
> Task :feature:finance:stripDebugDebugSymbols NO-SOURCE
> Task :feature:auth:prepareDebugArtProfile UP-TO-DATE
> Task :feature:dashboard:extractDeepLinksForAarDebug UP-TO-DATE
> Task :feature:agent:prepareLintJarForPublish UP-TO-DATE
> Task :feature:customers:prepareDebugArtProfile UP-TO-DATE
> Task :feature:payments:stripDebugDebugSymbols NO-SOURCE
> Task :feature:finance:copyDebugJniLibsProjectAndLocalJars UP-TO-DATE
> Task :feature:customers:prepareLintJarForPublish UP-TO-DATE
> Task :feature:products:stripDebugDebugSymbols NO-SOURCE
> Task :feature:auth:prepareLintJarForPublish UP-TO-DATE
> Task :feature:dashboard:prepareDebugArtProfile UP-TO-DATE
> Task :feature:dashboard:prepareLintJarForPublish UP-TO-DATE
> Task :feature:finance:extractDeepLinksForAarDebug UP-TO-DATE
> Task :feature:reports:stripDebugDebugSymbols NO-SOURCE
> Task :feature:purchases:stripDebugDebugSymbols NO-SOURCE
> Task :feature:products:copyDebugJniLibsProjectAndLocalJars UP-TO-DATE
> Task :feature:payments:copyDebugJniLibsProjectAndLocalJars UP-TO-DATE
> Task :feature:purchases:copyDebugJniLibsProjectAndLocalJars UP-TO-DATE
> Task :feature:sales:stripDebugDebugSymbols NO-SOURCE
> Task :feature:finance:prepareDebugArtProfile UP-TO-DATE
> Task :core:model:compileDebugKotlin UP-TO-DATE
> Task :feature:payments:extractDeepLinksForAarDebug UP-TO-DATE
> Task :feature:reports:copyDebugJniLibsProjectAndLocalJars UP-TO-DATE
> Task :feature:products:extractDeepLinksForAarDebug UP-TO-DATE
> Task :core:model:javaPreCompileDebug UP-TO-DATE
> Task :feature:purchases:extractDeepLinksForAarDebug UP-TO-DATE
> Task :feature:sales:copyDebugJniLibsProjectAndLocalJars UP-TO-DATE
> Task :feature:finance:prepareLintJarForPublish UP-TO-DATE
> Task :feature:reports:extractDeepLinksForAarDebug UP-TO-DATE
> Task :feature:products:prepareDebugArtProfile UP-TO-DATE
> Task :feature:sales:extractDeepLinksForAarDebug UP-TO-DATE
> Task :feature:payments:prepareDebugArtProfile UP-TO-DATE
> Task :feature:purchases:prepareDebugArtProfile UP-TO-DATE
> Task :feature:reports:prepareDebugArtProfile UP-TO-DATE
> Task :feature:products:prepareLintJarForPublish UP-TO-DATE
> Task :feature:payments:prepareLintJarForPublish UP-TO-DATE
> Task :core:model:compileDebugJavaWithJavac NO-SOURCE
> Task :feature:purchases:prepareLintJarForPublish UP-TO-DATE
> Task :feature:suppliers:stripDebugDebugSymbols NO-SOURCE
> Task :feature:sales:prepareDebugArtProfile UP-TO-DATE
> Task :core:model:bundleLibCompileToJarDebug UP-TO-DATE
> Task :feature:sales:prepareLintJarForPublish UP-TO-DATE
> Task :feature:suppliers:copyDebugJniLibsProjectAndLocalJars UP-TO-DATE
> Task :core:model:bundleLibRuntimeToJarDebug UP-TO-DATE
> Task :feature:reports:prepareLintJarForPublish UP-TO-DATE
> Task :feature:settings:stripDebugDebugSymbols NO-SOURCE
> Task :feature:settings:copyDebugJniLibsProjectAndLocalJars UP-TO-DATE
> Task :core:model:mergeDebugShaders UP-TO-DATE
> Task :feature:settings:extractDeepLinksForAarDebug UP-TO-DATE
> Task :core:model:compileDebugShaders NO-SOURCE
> Task :core:model:generateDebugAssets UP-TO-DATE
> Task :feature:settings:prepareDebugArtProfile UP-TO-DATE
> Task :feature:settings:prepareLintJarForPublish UP-TO-DATE
> Task :feature:suppliers:extractDeepLinksForAarDebug UP-TO-DATE
> Task :core:model:packageDebugAssets UP-TO-DATE
> Task :feature:suppliers:prepareDebugArtProfile UP-TO-DATE
> Task :feature:suppliers:prepareLintJarForPublish UP-TO-DATE
> Task :core:model:processDebugJavaRes UP-TO-DATE
> Task :app:checkDebugAarMetadata UP-TO-DATE
> Task :app:generateDebugResValues UP-TO-DATE
> Task :app:mapDebugSourceSetPaths UP-TO-DATE
> Task :app:generateDebugResources UP-TO-DATE
> Task :core:datastore:kspDebugKotlin UP-TO-DATE
> Task :backdrop:compileDebugKotlin UP-TO-DATE
> Task :backdrop:javaPreCompileDebug UP-TO-DATE
> Task :app:mergeDebugResources UP-TO-DATE
> Task :backdrop:compileDebugJavaWithJavac NO-SOURCE
> Task :backdrop:bundleLibCompileToJarDebug UP-TO-DATE
> Task :app:packageDebugResources UP-TO-DATE
> Task :backdrop:bundleLibRuntimeToJarDebug UP-TO-DATE
> Task :core:database:kspDebugKotlin UP-TO-DATE
> Task :core:model:bundleLibRuntimeToDirDebug UP-TO-DATE
> Task :app:parseDebugLocalResources UP-TO-DATE
> Task :backdrop:mergeDebugShaders UP-TO-DATE
> Task :core:model:mergeDebugJniLibFolders UP-TO-DATE
> Task :backdrop:compileDebugShaders NO-SOURCE
> Task :backdrop:generateDebugAssets UP-TO-DATE
> Task :app:createDebugCompatibleScreenManifests UP-TO-DATE
> Task :core:model:mergeDebugNativeLibs NO-SOURCE
> Task :app:extractDeepLinksDebug UP-TO-DATE
> Task :backdrop:packageDebugAssets UP-TO-DATE
> Task :core:model:copyDebugJniLibsProjectOnly UP-TO-DATE
> Task :core:common:compileDebugKotlin UP-TO-DATE
> Task :core:common:compileDebugJavaWithJavac NO-SOURCE
> Task :core:common:bundleLibCompileToJarDebug UP-TO-DATE
> Task :core:datastore:compileDebugKotlin UP-TO-DATE
> Task :core:model:stripDebugDebugSymbols NO-SOURCE
> Task :core:database:compileDebugKotlin UP-TO-DATE
> Task :core:common:bundleLibRuntimeToJarDebug UP-TO-DATE
> Task :core:datastore:javaPreCompileDebug UP-TO-DATE
> Task :backdrop:processDebugJavaRes UP-TO-DATE
> Task :core:database:compileDebugJavaWithJavac UP-TO-DATE
> Task :core:datastore:compileDebugJavaWithJavac UP-TO-DATE
> Task :core:common:processDebugJavaRes UP-TO-DATE
> Task :core:common:bundleLibRuntimeToDirDebug UP-TO-DATE
> Task :backdrop:bundleLibRuntimeToDirDebug UP-TO-DATE
> Task :core:database:transformDebugClassesWithAsm UP-TO-DATE
> Task :core:datastore:transformDebugClassesWithAsm UP-TO-DATE
> Task :core:model:copyDebugJniLibsProjectAndLocalJars UP-TO-DATE
> Task :core:datastore:bundleLibCompileToJarDebug UP-TO-DATE
> Task :core:database:bundleLibCompileToJarDebug UP-TO-DATE
> Task :backdrop:mergeDebugJniLibFolders UP-TO-DATE
> Task :core:datastore:bundleLibRuntimeToJarDebug UP-TO-DATE
> Task :core:database:bundleLibRuntimeToJarDebug UP-TO-DATE
> Task :core:database:processDebugJavaRes UP-TO-DATE
> Task :core:datastore:mergeDebugShaders UP-TO-DATE
> Task :core:datastore:compileDebugShaders NO-SOURCE
> Task :core:datastore:generateDebugAssets UP-TO-DATE
> Task :backdrop:mergeDebugNativeLibs NO-SOURCE
> Task :core:datastore:packageDebugAssets UP-TO-DATE
> Task :backdrop:copyDebugJniLibsProjectOnly UP-TO-DATE
> Task :core:datastore:processDebugJavaRes UP-TO-DATE
> Task :backdrop:stripDebugDebugSymbols NO-SOURCE
> Task :backdrop:copyDebugJniLibsProjectAndLocalJars UP-TO-DATE
> Task :core:datastore:bundleLibRuntimeToDirDebug UP-TO-DATE
> Task :core:database:bundleLibRuntimeToDirDebug UP-TO-DATE
> Task :core:datastore:mergeDebugJniLibFolders UP-TO-DATE
> Task :core:datastore:mergeDebugNativeLibs NO-SOURCE
> Task :core:datastore:copyDebugJniLibsProjectOnly UP-TO-DATE
> Task :core:model:extractDebugAnnotations UP-TO-DATE
> Task :backdrop:extractDebugAnnotations UP-TO-DATE
> Task :core:common:extractDebugAnnotations UP-TO-DATE
> Task :core:datastore:stripDebugDebugSymbols NO-SOURCE
> Task :core:model:extractDeepLinksForAarDebug UP-TO-DATE
> Task :backdrop:extractDeepLinksForAarDebug UP-TO-DATE
> Task :core:datastore:copyDebugJniLibsProjectAndLocalJars UP-TO-DATE
> Task :app:processDebugMainManifest UP-TO-DATE
> Task :core:model:mergeDebugGeneratedProguardFiles UP-TO-DATE
> Task :core:common:mergeDebugGeneratedProguardFiles UP-TO-DATE
> Task :backdrop:mergeDebugGeneratedProguardFiles UP-TO-DATE
> Task :core:model:mergeDebugConsumerProguardFiles UP-TO-DATE
> Task :core:common:mergeDebugConsumerProguardFiles UP-TO-DATE
> Task :app:processDebugManifest UP-TO-DATE
> Task :app:processDebugManifestForPackage UP-TO-DATE
> Task :core:model:prepareDebugArtProfile UP-TO-DATE
> Task :backdrop:mergeDebugConsumerProguardFiles UP-TO-DATE
> Task :core:model:prepareLintJarForPublish UP-TO-DATE
> Task :core:common:mergeDebugJavaResource UP-TO-DATE
> Task :backdrop:prepareDebugArtProfile UP-TO-DATE
> Task :backdrop:prepareLintJarForPublish UP-TO-DATE
> Task :core:common:syncDebugLibJars UP-TO-DATE
> Task :core:model:mergeDebugJavaResource UP-TO-DATE
> Task :backdrop:mergeDebugJavaResource UP-TO-DATE
> Task :core:common:bundleDebugAar UP-TO-DATE
> Task :core:common:assembleDebug UP-TO-DATE
> Task :backdrop:syncDebugLibJars UP-TO-DATE
> Task :core:model:syncDebugLibJars UP-TO-DATE
> Task :core:datastore:extractDebugAnnotations UP-TO-DATE
> Task :backdrop:bundleDebugAar UP-TO-DATE
> Task :backdrop:assembleDebug UP-TO-DATE
> Task :core:database:extractDebugAnnotations UP-TO-DATE
> Task :core:datastore:extractDeepLinksForAarDebug UP-TO-DATE
> Task :core:model:bundleDebugAar UP-TO-DATE
> Task :core:model:assembleDebug UP-TO-DATE
> Task :core:database:mergeDebugGeneratedProguardFiles UP-TO-DATE
> Task :core:datastore:mergeDebugGeneratedProguardFiles UP-TO-DATE
> Task :core:datastore:mergeDebugConsumerProguardFiles UP-TO-DATE
> Task :core:database:mergeDebugConsumerProguardFiles UP-TO-DATE
> Task :core:designsystem:compileDebugKotlin UP-TO-DATE
> Task :core:database:mergeDebugJavaResource UP-TO-DATE
> Task :core:datastore:prepareDebugArtProfile UP-TO-DATE
> Task :core:designsystem:compileDebugJavaWithJavac NO-SOURCE
> Task :core:network:kspDebugKotlin UP-TO-DATE
> Task :core:designsystem:bundleLibCompileToJarDebug UP-TO-DATE
> Task :core:datastore:prepareLintJarForPublish UP-TO-DATE
> Task :core:designsystem:bundleLibRuntimeToJarDebug UP-TO-DATE
> Task :core:database:syncDebugLibJars UP-TO-DATE
> Task :core:datastore:mergeDebugJavaResource UP-TO-DATE
> Task :core:database:bundleDebugAar UP-TO-DATE
> Task :core:database:assembleDebug UP-TO-DATE
> Task :core:datastore:syncDebugLibJars UP-TO-DATE
> Task :core:datastore:bundleDebugAar UP-TO-DATE
> Task :core:datastore:assembleDebug UP-TO-DATE
> Task :core:network:compileDebugKotlin UP-TO-DATE
> Task :core:designsystem:processDebugJavaRes
> Task :core:network:compileDebugJavaWithJavac UP-TO-DATE
> Task :core:network:transformDebugClassesWithAsm UP-TO-DATE
> Task :core:network:bundleLibCompileToJarDebug UP-TO-DATE
> Task :core:network:bundleLibRuntimeToJarDebug UP-TO-DATE
> Task :app:processDebugResources UP-TO-DATE
> Task :data:order:kspDebugKotlin UP-TO-DATE
> Task :data:report:kspDebugKotlin UP-TO-DATE
> Task :data:finance:kspDebugKotlin UP-TO-DATE
> Task :data:product:kspDebugKotlin UP-TO-DATE
> Task :data:agent:kspDebugKotlin UP-TO-DATE
> Task :data:customer:kspDebugKotlin UP-TO-DATE
> Task :data:auth:kspDebugKotlin UP-TO-DATE
> Task :data:order:compileDebugKotlin UP-TO-DATE
> Task :data:report:compileDebugKotlin UP-TO-DATE
> Task :data:finance:compileDebugKotlin UP-TO-DATE
> Task :data:report:compileDebugJavaWithJavac UP-TO-DATE
> Task :data:agent:compileDebugKotlin UP-TO-DATE
> Task :data:order:compileDebugJavaWithJavac UP-TO-DATE
> Task :data:finance:compileDebugJavaWithJavac UP-TO-DATE
> Task :data:product:compileDebugKotlin UP-TO-DATE
> Task :data:customer:compileDebugKotlin UP-TO-DATE
> Task :data:auth:compileDebugKotlin UP-TO-DATE
> Task :data:agent:compileDebugJavaWithJavac UP-TO-DATE
> Task :data:report:transformDebugClassesWithAsm UP-TO-DATE
> Task :data:report:bundleLibCompileToJarDebug UP-TO-DATE
> Task :data:order:transformDebugClassesWithAsm UP-TO-DATE
> Task :data:customer:compileDebugJavaWithJavac UP-TO-DATE
> Task :data:auth:compileDebugJavaWithJavac UP-TO-DATE
> Task :data:product:compileDebugJavaWithJavac UP-TO-DATE
> Task :data:finance:transformDebugClassesWithAsm UP-TO-DATE
> Task :data:order:bundleLibCompileToJarDebug UP-TO-DATE
> Task :data:order:bundleLibRuntimeToJarDebug UP-TO-DATE
> Task :data:supplier:kspDebugKotlin UP-TO-DATE
> Task :data:finance:bundleLibCompileToJarDebug UP-TO-DATE
> Task :data:agent:transformDebugClassesWithAsm UP-TO-DATE
> Task :core:designsystem:bundleLibRuntimeToDirDebug
> Task :data:customer:transformDebugClassesWithAsm UP-TO-DATE
> Task :data:finance:bundleLibRuntimeToJarDebug UP-TO-DATE
> Task :data:agent:bundleLibCompileToJarDebug UP-TO-DATE
> Task :data:product:transformDebugClassesWithAsm UP-TO-DATE
> Task :app:javaPreCompileDebug UP-TO-DATE
> Task :data:customer:bundleLibCompileToJarDebug UP-TO-DATE
> Task :data:auth:transformDebugClassesWithAsm UP-TO-DATE
> Task :data:agent:bundleLibRuntimeToJarDebug UP-TO-DATE
> Task :data:product:bundleLibCompileToJarDebug UP-TO-DATE
> Task :data:customer:bundleLibRuntimeToJarDebug UP-TO-DATE
> Task :data:auth:bundleLibCompileToJarDebug UP-TO-DATE
> Task :data:supplier:compileDebugKotlin UP-TO-DATE
> Task :data:auth:bundleLibRuntimeToJarDebug UP-TO-DATE
> Task :data:product:bundleLibRuntimeToJarDebug UP-TO-DATE
> Task :data:supplier:compileDebugJavaWithJavac UP-TO-DATE
> Task :data:supplier:transformDebugClassesWithAsm UP-TO-DATE
> Task :data:supplier:bundleLibCompileToJarDebug UP-TO-DATE
> Task :data:supplier:bundleLibRuntimeToJarDebug UP-TO-DATE
> Task :data:sync:kspDebugKotlin UP-TO-DATE
> Task :data:sync:compileDebugKotlin UP-TO-DATE
> Task :data:sync:compileDebugJavaWithJavac UP-TO-DATE
> Task :feature:products:kspDebugKotlin UP-TO-DATE
> Task :feature:finance:kspDebugKotlin UP-TO-DATE
> Task :data:sync:transformDebugClassesWithAsm UP-TO-DATE
> Task :feature:customers:kspDebugKotlin UP-TO-DATE
> Task :data:sync:bundleLibCompileToJarDebug UP-TO-DATE
> Task :feature:sales:kspDebugKotlin UP-TO-DATE
> Task :feature:auth:kspDebugKotlin UP-TO-DATE
> Task :data:sync:bundleLibRuntimeToJarDebug UP-TO-DATE
> Task :feature:dashboard:kspDebugKotlin UP-TO-DATE
> Task :feature:agent:kspDebugKotlin UP-TO-DATE
> Task :feature:dashboard:compileDebugKotlin UP-TO-DATE
> Task :feature:customers:compileDebugKotlin UP-TO-DATE
> Task :feature:auth:compileDebugKotlin UP-TO-DATE
> Task :feature:products:compileDebugKotlin UP-TO-DATE
> Task :feature:finance:compileDebugKotlin UP-TO-DATE
> Task :feature:payments:kspDebugKotlin UP-TO-DATE
> Task :feature:dashboard:compileDebugJavaWithJavac UP-TO-DATE
> Task :feature:products:compileDebugJavaWithJavac UP-TO-DATE
> Task :feature:finance:compileDebugJavaWithJavac UP-TO-DATE
> Task :feature:customers:compileDebugJavaWithJavac UP-TO-DATE
> Task :feature:agent:compileDebugKotlin UP-TO-DATE
> Task :feature:auth:compileDebugJavaWithJavac UP-TO-DATE
> Task :feature:agent:compileDebugJavaWithJavac UP-TO-DATE
> Task :feature:payments:compileDebugKotlin UP-TO-DATE
> Task :feature:payments:compileDebugJavaWithJavac UP-TO-DATE
> Task :feature:payments:transformDebugClassesWithAsm UP-TO-DATE
> Task :feature:agent:transformDebugClassesWithAsm UP-TO-DATE
> Task :feature:customers:transformDebugClassesWithAsm UP-TO-DATE
> Task :feature:finance:transformDebugClassesWithAsm UP-TO-DATE
> Task :feature:auth:transformDebugClassesWithAsm UP-TO-DATE
> Task :feature:products:transformDebugClassesWithAsm UP-TO-DATE
> Task :feature:payments:bundleLibCompileToJarDebug UP-TO-DATE
> Task :feature:dashboard:transformDebugClassesWithAsm UP-TO-DATE
> Task :feature:agent:bundleLibCompileToJarDebug UP-TO-DATE
> Task :feature:products:bundleLibCompileToJarDebug UP-TO-DATE
> Task :feature:finance:bundleLibCompileToJarDebug UP-TO-DATE
> Task :feature:auth:bundleLibCompileToJarDebug UP-TO-DATE
> Task :feature:customers:bundleLibCompileToJarDebug UP-TO-DATE
> Task :feature:dashboard:bundleLibCompileToJarDebug UP-TO-DATE
> Task :app:mergeDebugShaders UP-TO-DATE
> Task :feature:reports:kspDebugKotlin UP-TO-DATE
> Task :feature:auth:bundleLibRuntimeToJarDebug UP-TO-DATE
> Task :app:compileDebugShaders NO-SOURCE
> Task :app:generateDebugAssets UP-TO-DATE
> Task :feature:purchases:kspDebugKotlin UP-TO-DATE
> Task :feature:sales:compileDebugKotlin UP-TO-DATE
> Task :feature:purchases:compileDebugKotlin UP-TO-DATE
> Task :feature:purchases:compileDebugJavaWithJavac UP-TO-DATE
> Task :feature:sales:compileDebugJavaWithJavac UP-TO-DATE
> Task :feature:reports:compileDebugKotlin UP-TO-DATE
> Task :feature:reports:compileDebugJavaWithJavac UP-TO-DATE
> Task :feature:sales:transformDebugClassesWithAsm UP-TO-DATE
> Task :feature:purchases:transformDebugClassesWithAsm UP-TO-DATE
> Task :app:mergeDebugAssets UP-TO-DATE
> Task :feature:purchases:bundleLibCompileToJarDebug UP-TO-DATE
> Task :feature:sales:bundleLibCompileToJarDebug UP-TO-DATE
> Task :app:compressDebugAssets UP-TO-DATE
> Task :feature:reports:transformDebugClassesWithAsm UP-TO-DATE
> Task :feature:reports:bundleLibCompileToJarDebug UP-TO-DATE
> Task :feature:settings:kspDebugKotlin UP-TO-DATE
> Task :feature:suppliers:kspDebugKotlin UP-TO-DATE
> Task :feature:settings:compileDebugKotlin UP-TO-DATE
> Task :feature:suppliers:compileDebugKotlin UP-TO-DATE
> Task :feature:settings:compileDebugJavaWithJavac UP-TO-DATE
> Task :feature:suppliers:compileDebugJavaWithJavac UP-TO-DATE
> Task :feature:suppliers:transformDebugClassesWithAsm UP-TO-DATE
> Task :feature:settings:transformDebugClassesWithAsm UP-TO-DATE
> Task :feature:suppliers:bundleLibCompileToJarDebug UP-TO-DATE
> Task :feature:settings:bundleLibCompileToJarDebug UP-TO-DATE
> Task :app:kspDebugKotlin UP-TO-DATE
> Task :app:compileDebugKotlin UP-TO-DATE
> Task :feature:dashboard:bundleLibRuntimeToJarDebug
> Task :feature:finance:bundleLibRuntimeToJarDebug
> Task :feature:suppliers:bundleLibRuntimeToJarDebug
> Task :feature:customers:bundleLibRuntimeToJarDebug
> Task :feature:products:bundleLibRuntimeToJarDebug
> Task :feature:payments:bundleLibRuntimeToJarDebug
> Task :feature:purchases:bundleLibRuntimeToJarDebug
> Task :feature:sales:bundleLibRuntimeToJarDebug
> Task :app:compileDebugJavaWithJavac UP-TO-DATE
> Task :feature:reports:bundleLibRuntimeToJarDebug
> Task :feature:settings:bundleLibRuntimeToJarDebug UP-TO-DATE
> Task :feature:agent:bundleLibRuntimeToJarDebug
> Task :data:report:bundleLibRuntimeToJarDebug UP-TO-DATE
> Task :app:desugarDebugFileDependencies UP-TO-DATE
> Task :core:network:processDebugJavaRes UP-TO-DATE
> Task :data:agent:processDebugJavaRes UP-TO-DATE
> Task :data:auth:processDebugJavaRes UP-TO-DATE
> Task :data:finance:processDebugJavaRes UP-TO-DATE
> Task :data:order:processDebugJavaRes UP-TO-DATE
> Task :data:product:processDebugJavaRes UP-TO-DATE
> Task :data:report:processDebugJavaRes UP-TO-DATE
> Task :data:supplier:processDebugJavaRes UP-TO-DATE
> Task :data:sync:processDebugJavaRes UP-TO-DATE
> Task :feature:agent:processDebugJavaRes UP-TO-DATE
> Task :feature:auth:processDebugJavaRes UP-TO-DATE
> Task :data:customer:processDebugJavaRes UP-TO-DATE
> Task :feature:dashboard:processDebugJavaRes UP-TO-DATE
> Task :feature:customers:processDebugJavaRes UP-TO-DATE
> Task :feature:payments:processDebugJavaRes UP-TO-DATE
> Task :feature:finance:processDebugJavaRes UP-TO-DATE
> Task :feature:reports:processDebugJavaRes UP-TO-DATE
> Task :feature:purchases:processDebugJavaRes UP-TO-DATE
> Task :feature:sales:processDebugJavaRes UP-TO-DATE
> Task :feature:settings:processDebugJavaRes UP-TO-DATE
> Task :feature:suppliers:processDebugJavaRes UP-TO-DATE
> Task :feature:auth:bundleLibRuntimeToDirDebug UP-TO-DATE
> Task :feature:products:processDebugJavaRes
> Task :feature:dashboard:bundleLibRuntimeToDirDebug
> Task :feature:customers:bundleLibRuntimeToDirDebug
> Task :feature:products:bundleLibRuntimeToDirDebug
> Task :app:hiltAggregateDepsDebug UP-TO-DATE
> Task :feature:suppliers:bundleLibRuntimeToDirDebug
> Task :feature:sales:bundleLibRuntimeToDirDebug
> Task :feature:purchases:bundleLibRuntimeToDirDebug
> Task :feature:payments:bundleLibRuntimeToDirDebug
> Task :feature:finance:bundleLibRuntimeToDirDebug
> Task :feature:reports:bundleLibRuntimeToDirDebug
> Task :feature:agent:bundleLibRuntimeToDirDebug
> Task :feature:settings:bundleLibRuntimeToDirDebug UP-TO-DATE
> Task :data:auth:bundleLibRuntimeToDirDebug UP-TO-DATE
> Task :data:product:bundleLibRuntimeToDirDebug UP-TO-DATE
> Task :data:customer:bundleLibRuntimeToDirDebug UP-TO-DATE
> Task :data:supplier:bundleLibRuntimeToDirDebug UP-TO-DATE
> Task :data:order:bundleLibRuntimeToDirDebug UP-TO-DATE
> Task :data:finance:bundleLibRuntimeToDirDebug UP-TO-DATE
> Task :data:report:bundleLibRuntimeToDirDebug UP-TO-DATE
> Task :data:agent:bundleLibRuntimeToDirDebug UP-TO-DATE
> Task :data:sync:bundleLibRuntimeToDirDebug UP-TO-DATE
> Task :core:network:bundleLibRuntimeToDirDebug UP-TO-DATE
> Task :core:designsystem:extractDebugAnnotations
> Task :core:designsystem:mergeDebugGeneratedProguardFiles UP-TO-DATE
> Task :core:designsystem:mergeDebugConsumerProguardFiles UP-TO-DATE
> Task :core:network:extractDebugAnnotations UP-TO-DATE
> Task :core:network:mergeDebugGeneratedProguardFiles UP-TO-DATE
> Task :core:network:mergeDebugConsumerProguardFiles UP-TO-DATE
> Task :core:network:mergeDebugJavaResource UP-TO-DATE
> Task :core:network:syncDebugLibJars UP-TO-DATE
> Task :core:network:bundleDebugAar UP-TO-DATE
> Task :core:network:assembleDebug UP-TO-DATE
> Task :data:agent:extractDebugAnnotations UP-TO-DATE
> Task :data:agent:mergeDebugGeneratedProguardFiles UP-TO-DATE
> Task :data:agent:mergeDebugConsumerProguardFiles UP-TO-DATE
> Task :data:agent:mergeDebugJavaResource UP-TO-DATE
> Task :data:agent:syncDebugLibJars UP-TO-DATE
> Task :data:agent:bundleDebugAar UP-TO-DATE
> Task :data:agent:assembleDebug UP-TO-DATE
> Task :data:auth:extractDebugAnnotations UP-TO-DATE
> Task :data:auth:mergeDebugGeneratedProguardFiles UP-TO-DATE
> Task :data:auth:mergeDebugConsumerProguardFiles UP-TO-DATE
> Task :data:auth:mergeDebugJavaResource UP-TO-DATE
> Task :data:auth:syncDebugLibJars UP-TO-DATE
> Task :data:auth:bundleDebugAar UP-TO-DATE
> Task :data:auth:assembleDebug UP-TO-DATE
> Task :data:customer:extractDebugAnnotations UP-TO-DATE
> Task :data:customer:mergeDebugGeneratedProguardFiles UP-TO-DATE
> Task :data:customer:mergeDebugConsumerProguardFiles UP-TO-DATE
> Task :data:customer:mergeDebugJavaResource UP-TO-DATE
> Task :data:customer:syncDebugLibJars UP-TO-DATE
> Task :data:customer:bundleDebugAar UP-TO-DATE
> Task :data:customer:assembleDebug UP-TO-DATE
> Task :data:finance:extractDebugAnnotations UP-TO-DATE
> Task :data:finance:mergeDebugGeneratedProguardFiles UP-TO-DATE
> Task :data:finance:mergeDebugConsumerProguardFiles UP-TO-DATE
> Task :data:finance:mergeDebugJavaResource UP-TO-DATE
> Task :data:finance:syncDebugLibJars UP-TO-DATE
> Task :data:finance:bundleDebugAar UP-TO-DATE
> Task :data:finance:assembleDebug UP-TO-DATE
> Task :data:order:extractDebugAnnotations UP-TO-DATE
> Task :core:designsystem:mergeDebugJavaResource
> Task :data:order:mergeDebugGeneratedProguardFiles UP-TO-DATE
> Task :data:order:mergeDebugConsumerProguardFiles UP-TO-DATE
> Task :data:order:mergeDebugJavaResource UP-TO-DATE
> Task :data:order:syncDebugLibJars UP-TO-DATE
> Task :data:order:bundleDebugAar UP-TO-DATE
> Task :data:order:assembleDebug UP-TO-DATE
> Task :data:product:extractDebugAnnotations UP-TO-DATE
> Task :data:product:mergeDebugGeneratedProguardFiles UP-TO-DATE
> Task :data:product:mergeDebugConsumerProguardFiles UP-TO-DATE
> Task :data:product:mergeDebugJavaResource UP-TO-DATE
> Task :data:product:syncDebugLibJars UP-TO-DATE
> Task :data:product:bundleDebugAar UP-TO-DATE
> Task :data:product:assembleDebug UP-TO-DATE
> Task :data:report:extractDebugAnnotations UP-TO-DATE
> Task :data:report:mergeDebugGeneratedProguardFiles UP-TO-DATE
> Task :data:report:mergeDebugConsumerProguardFiles UP-TO-DATE
> Task :data:report:mergeDebugJavaResource UP-TO-DATE
> Task :data:report:syncDebugLibJars UP-TO-DATE
> Task :data:supplier:extractDebugAnnotations UP-TO-DATE
> Task :data:supplier:mergeDebugGeneratedProguardFiles UP-TO-DATE
> Task :data:supplier:mergeDebugConsumerProguardFiles UP-TO-DATE
> Task :data:supplier:mergeDebugJavaResource UP-TO-DATE
> Task :data:supplier:syncDebugLibJars UP-TO-DATE
> Task :data:supplier:bundleDebugAar UP-TO-DATE
> Task :data:supplier:assembleDebug UP-TO-DATE
> Task :data:sync:extractDebugAnnotations UP-TO-DATE
> Task :data:sync:mergeDebugGeneratedProguardFiles UP-TO-DATE
> Task :data:sync:mergeDebugConsumerProguardFiles UP-TO-DATE
> Task :data:sync:mergeDebugJavaResource UP-TO-DATE
> Task :data:sync:syncDebugLibJars UP-TO-DATE
> Task :data:sync:bundleDebugAar UP-TO-DATE
> Task :data:sync:assembleDebug UP-TO-DATE
> Task :feature:agent:extractDebugAnnotations
> Task :feature:agent:mergeDebugGeneratedProguardFiles UP-TO-DATE
> Task :feature:agent:mergeDebugConsumerProguardFiles UP-TO-DATE
> Task :feature:agent:mergeDebugJavaResource UP-TO-DATE
> Task :core:designsystem:syncDebugLibJars
> Task :data:report:bundleDebugAar UP-TO-DATE
> Task :data:report:assembleDebug UP-TO-DATE
> Task :core:designsystem:bundleDebugAar
> Task :core:designsystem:assembleDebug
> Task :feature:auth:extractDebugAnnotations
> Task :feature:auth:mergeDebugGeneratedProguardFiles UP-TO-DATE
> Task :feature:auth:mergeDebugConsumerProguardFiles UP-TO-DATE
> Task :feature:auth:mergeDebugJavaResource UP-TO-DATE
> Task :feature:auth:syncDebugLibJars UP-TO-DATE
> Task :feature:auth:bundleDebugAar UP-TO-DATE
> Task :feature:auth:assembleDebug UP-TO-DATE
> Task :feature:customers:extractDebugAnnotations
> Task :feature:customers:mergeDebugGeneratedProguardFiles UP-TO-DATE
> Task :feature:customers:mergeDebugConsumerProguardFiles UP-TO-DATE
> Task :feature:customers:mergeDebugJavaResource UP-TO-DATE
> Task :feature:dashboard:extractDebugAnnotations
> Task :feature:dashboard:mergeDebugGeneratedProguardFiles UP-TO-DATE
> Task :feature:dashboard:mergeDebugConsumerProguardFiles UP-TO-DATE
> Task :feature:dashboard:mergeDebugJavaResource UP-TO-DATE
> Task :feature:dashboard:syncDebugLibJars
> Task :feature:dashboard:bundleDebugAar
> Task :feature:dashboard:assembleDebug
> Task :feature:finance:extractDebugAnnotations
> Task :feature:finance:mergeDebugGeneratedProguardFiles UP-TO-DATE
> Task :feature:finance:mergeDebugConsumerProguardFiles UP-TO-DATE
> Task :feature:finance:mergeDebugJavaResource UP-TO-DATE
> Task :feature:agent:syncDebugLibJars
> Task :feature:customers:syncDebugLibJars
> Task :feature:customers:bundleDebugAar
> Task :feature:customers:assembleDebug
> Task :feature:agent:bundleDebugAar
> Task :feature:agent:assembleDebug
> Task :feature:finance:syncDebugLibJars
> Task :feature:products:extractDebugAnnotations
> Task :feature:finance:bundleDebugAar
> Task :feature:finance:assembleDebug
> Task :feature:products:mergeDebugGeneratedProguardFiles UP-TO-DATE
> Task :feature:products:mergeDebugConsumerProguardFiles UP-TO-DATE
> Task :feature:purchases:extractDebugAnnotations
> Task :feature:products:mergeDebugJavaResource
> Task :feature:purchases:mergeDebugGeneratedProguardFiles UP-TO-DATE
> Task :feature:purchases:mergeDebugConsumerProguardFiles UP-TO-DATE
> Task :feature:purchases:mergeDebugJavaResource UP-TO-DATE
> Task :feature:payments:extractDebugAnnotations
> Task :feature:payments:mergeDebugGeneratedProguardFiles UP-TO-DATE
> Task :feature:payments:mergeDebugConsumerProguardFiles UP-TO-DATE
> Task :feature:payments:mergeDebugJavaResource UP-TO-DATE
> Task :feature:payments:syncDebugLibJars
> Task :feature:payments:bundleDebugAar
> Task :feature:payments:assembleDebug
> Task :feature:purchases:syncDebugLibJars
> Task :feature:products:syncDebugLibJars
> Task :feature:purchases:bundleDebugAar
> Task :feature:purchases:assembleDebug
> Task :feature:products:bundleDebugAar
> Task :feature:products:assembleDebug
> Task :feature:sales:extractDebugAnnotations
> Task :feature:reports:extractDebugAnnotations
> Task :feature:settings:extractDebugAnnotations
> Task :feature:settings:mergeDebugGeneratedProguardFiles UP-TO-DATE
> Task :feature:settings:mergeDebugConsumerProguardFiles UP-TO-DATE
> Task :feature:reports:mergeDebugGeneratedProguardFiles UP-TO-DATE
> Task :feature:reports:mergeDebugConsumerProguardFiles UP-TO-DATE
> Task :feature:settings:mergeDebugJavaResource UP-TO-DATE
> Task :feature:settings:syncDebugLibJars UP-TO-DATE
> Task :feature:reports:mergeDebugJavaResource UP-TO-DATE
> Task :feature:settings:bundleDebugAar UP-TO-DATE
> Task :feature:settings:assembleDebug UP-TO-DATE
> Task :feature:sales:mergeDebugGeneratedProguardFiles UP-TO-DATE
> Task :feature:sales:mergeDebugConsumerProguardFiles UP-TO-DATE
> Task :feature:reports:syncDebugLibJars
> Task :feature:sales:mergeDebugJavaResource UP-TO-DATE
> Task :feature:suppliers:extractDebugAnnotations
> Task :feature:reports:bundleDebugAar
> Task :feature:reports:assembleDebug
> Task :feature:sales:syncDebugLibJars
> Task :feature:suppliers:mergeDebugGeneratedProguardFiles UP-TO-DATE
> Task :feature:suppliers:mergeDebugConsumerProguardFiles UP-TO-DATE
> Task :feature:suppliers:mergeDebugJavaResource UP-TO-DATE
> Task :feature:sales:bundleDebugAar
> Task :feature:sales:assembleDebug
> Task :feature:suppliers:syncDebugLibJars
> Task :feature:suppliers:bundleDebugAar
> Task :feature:suppliers:assembleDebug
> Task :app:hiltJavaCompileDebug
> Task :app:processDebugJavaRes
> Task :app:checkDebugDuplicateClasses UP-TO-DATE
> Task :app:mergeDebugStartupProfile UP-TO-DATE
> Task :app:mergeExtDexDebug UP-TO-DATE
> Task :app:mergeDebugJniLibFolders UP-TO-DATE
> Task :app:mergeDebugNativeLibs UP-TO-DATE
> Task :app:stripDebugDebugSymbols UP-TO-DATE
> Task :app:validateSigningDebug UP-TO-DATE
> Task :app:writeDebugAppMetadata UP-TO-DATE
> Task :app:writeDebugSigningConfigVersions UP-TO-DATE
> Task :app:transformDebugClassesWithAsm
> Task :app:dexBuilderDebug
> Task :app:mergeDebugGlobalSynthetics UP-TO-DATE
> Task :app:mergeDebugJavaResource
> Task :app:mergeProjectDexDebug
> Task :app:mergeLibDexDebug
> Task :app:packageDebug
> Task :app:createDebugApkListingFileRedirect UP-TO-DATE
> Task :app:assembleDebug

BUILD SUCCESSFUL in 7s
928 actionable tasks: 68 executed, 860 up-to-date
